#
# There is insufficient memory for the Java Runtime Environment to continue.
# Native memory allocation (malloc) failed to allocate 142576 bytes for Chunk::new
# Possible reasons:
#   The system is out of physical RAM or swap space
#   The process is running with CompressedOops enabled, and the Java Heap may be blocking the growth of the native heap
# Possible solutions:
#   Reduce memory load on the system
#   Increase physical memory or swap space
#   Check if swap backing store is full
#   Decrease Java heap size (-Xmx/-Xms)
#   Decrease number of Java threads
#   Decrease Java thread stack sizes (-Xss)
#   Set larger code cache with -XX:ReservedCodeCacheSize=
#   JVM is running with Unscaled Compressed Oops mode in which the Java heap is
#     placed in the first 4GB address space. The Java Heap base address is the
#     maximum limit for the native heap growth. Please use -XX:HeapBaseMinAddress
#     to set the Java Heap base and to place the Java Heap above 4GB virtual address.
# This output file may be truncated or incomplete.
#
#  Out of Memory Error (arena.cpp:168), pid=19012, tid=29660
#
# JRE version: Java(TM) SE Runtime Environment (21.0.6+8) (build 21.0.6+8-LTS-188)
# Java VM: Java HotSpot(TM) 64-Bit Server VM (21.0.6+8-LTS-188, mixed mode, sharing, tiered, compressed oops, compressed class ptrs, parallel gc, windows-amd64)
# No core dump will be written. Minidumps are not enabled by default on client versions of Windows
#

---------------  S U M M A R Y ------------

Command Line: --add-modules=ALL-SYSTEM --add-opens=java.base/java.util=ALL-UNNAMED --add-opens=java.base/java.lang=ALL-UNNAMED --add-opens=java.base/sun.nio.fs=ALL-UNNAMED -Declipse.application=org.eclipse.jdt.ls.core.id1 -Dosgi.bundles.defaultStartLevel=4 -Declipse.product=org.eclipse.jdt.ls.core.product -Djava.import.generatesMetadataFilesAtProjectRoot=false -DDetectVMInstallationsJob.disabled=true -Dfile.encoding=utf8 -XX:+UseParallelGC -XX:GCTimeRatio=4 -XX:AdaptiveSizePolicyWeight=90 -Dsun.zip.disableMemoryMapping=true -Xmx2G -Xms100m -Xlog:disable -javaagent:c:\Users\Nithin\.vscode\extensions\redhat.java-1.48.2025111408\lombok\lombok-1.18.39-4050.jar -XX:+HeapDumpOnOutOfMemoryError -XX:HeapDumpPath=c:\Users\Nithin\AppData\Roaming\Code\User\workspaceStorage\a1573f673dcf98b27099e1665c3d0566\redhat.java -Daether.dependencyCollector.impl=bf -XX:+UnlockDiagnosticVMOptions -XX:+AllowArchivingWithJavaAgent -XX:+AutoCreateSharedArchive -XX:SharedArchiveFile=c:\Users\Nithin\AppData\Roaming\Code\User\globalStorage\redhat.java\1.48.2025111408\jdtls.jsa c:\Users\Nithin\.vscode\extensions\redhat.java-1.48.2025111408\server\plugins\org.eclipse.equinox.launcher_1.7.100.v20251111-0406.jar -configuration c:\Users\Nithin\AppData\Roaming\Code\User\globalStorage\redhat.java\1.48.2025111408\config_win -data c:\Users\Nithin\AppData\Roaming\Code\User\workspaceStorage\a1573f673dcf98b27099e1665c3d0566\redhat.java\jdt_ws --pipe=\\.\pipe\lsp-c0380f254e9a6c2d733f73d0a45f6441-sock

Host: 12th Gen Intel(R) Core(TM) i5-1235U, 12 cores, 7G,  Windows 11 , 64 bit Build 26100 (10.0.26100.6725)
Time: Mon Nov 17 13:06:16 2025 India Standard Time elapsed time: 18.061128 seconds (0d 0h 0m 18s)

---------------  T H R E A D  ---------------

Current thread (0x000002676f13e250):  JavaThread "C2 CompilerThread1" daemon [_thread_in_native, id=29660, stack(0x000000e141c00000,0x000000e141d00000) (1024K)]


Current CompileTask:
C2:  18061  794 %     4       sun.security.provider.SHA2::implCompress0 @ 27 (448 bytes)

Stack: [0x000000e141c00000,0x000000e141d00000]
Native frames: (J=compiled Java code, j=interpreted, Vv=VM code, C=native code)
V  [jvm.dll+0x6ca6d9]
V  [jvm.dll+0x854f51]
V  [jvm.dll+0x85747e]
V  [jvm.dll+0x857b53]
V  [jvm.dll+0x27dcc6]
V  [jvm.dll+0xc4c2d]
V  [jvm.dll+0xc5163]
V  [jvm.dll+0x3b515c]
V  [jvm.dll+0x381855]
V  [jvm.dll+0x380cca]
V  [jvm.dll+0x246920]
V  [jvm.dll+0x245eff]
V  [jvm.dll+0x1c6d2e]
V  [jvm.dll+0x2554f9]
V  [jvm.dll+0x253a8a]
V  [jvm.dll+0x3ee576]
V  [jvm.dll+0x7ff2fb]
V  [jvm.dll+0x6c8dbd]
C  [ucrtbase.dll+0x37b0]
C  [KERNEL32.DLL+0x2e8d7]
C  [ntdll.dll+0x8c53c]


---------------  P R O C E S S  ---------------

Threads class SMR info:
_java_thread_list=0x000002676f0e4f40, length=12, elements={
0x0000026751ddc360, 0x0000026751d885b0, 0x0000026751d8c4d0, 0x000002676ed636c0,
0x000002676ed646a0, 0x000002676ed69b00, 0x000002676ed71fa0, 0x000002676ed731e0,
0x000002676ed8bfe0, 0x000002676ee61e40, 0x000002676f0a9b90, 0x000002676f13e250
}

Java Threads: ( => current thread )
  0x0000026751ddc360 JavaThread "main"                              [_thread_in_vm, id=25508, stack(0x000000e140f00000,0x000000e141000000) (1024K)]
  0x0000026751d885b0 JavaThread "Reference Handler"          daemon [_thread_blocked, id=35664, stack(0x000000e141300000,0x000000e141400000) (1024K)]
  0x0000026751d8c4d0 JavaThread "Finalizer"                  daemon [_thread_blocked, id=3796, stack(0x000000e141400000,0x000000e141500000) (1024K)]
  0x000002676ed636c0 JavaThread "Signal Dispatcher"          daemon [_thread_blocked, id=7204, stack(0x000000e141500000,0x000000e141600000) (1024K)]
  0x000002676ed646a0 JavaThread "Attach Listener"            daemon [_thread_blocked, id=21192, stack(0x000000e141600000,0x000000e141700000) (1024K)]
  0x000002676ed69b00 JavaThread "Service Thread"             daemon [_thread_blocked, id=11924, stack(0x000000e141700000,0x000000e141800000) (1024K)]
  0x000002676ed71fa0 JavaThread "Monitor Deflation Thread"   daemon [_thread_blocked, id=33884, stack(0x000000e141800000,0x000000e141900000) (1024K)]
  0x000002676ed731e0 JavaThread "C2 CompilerThread0"         daemon [_thread_in_native, id=23924, stack(0x000000e141900000,0x000000e141a00000) (1024K)]
  0x000002676ed8bfe0 JavaThread "C1 CompilerThread0"         daemon [_thread_blocked, id=11832, stack(0x000000e141a00000,0x000000e141b00000) (1024K)]
  0x000002676ee61e40 JavaThread "Common-Cleaner"             daemon [_thread_blocked, id=28288, stack(0x000000e141b00000,0x000000e141c00000) (1024K)]
  0x000002676f0a9b90 JavaThread "Notification Thread"        daemon [_thread_blocked, id=3260, stack(0x000000e141d00000,0x000000e141e00000) (1024K)]
=>0x000002676f13e250 JavaThread "C2 CompilerThread1"         daemon [_thread_in_native, id=29660, stack(0x000000e141c00000,0x000000e141d00000) (1024K)]
Total: 12

Other Threads:
  0x0000026751d74ad0 VMThread "VM Thread"                           [id=14116, stack(0x000000e141200000,0x000000e141300000) (1024K)]
  0x0000026751c6ca00 WatcherThread "VM Periodic Task Thread"        [id=38248, stack(0x000000e141100000,0x000000e141200000) (1024K)]
  0x0000026751dfac30 WorkerThread "GC Thread#0"                     [id=38744, stack(0x000000e141000000,0x000000e141100000) (1024K)]
Total: 3

Threads with active compile tasks:
C2 CompilerThread0    22154  641       4       lombok.patcher.scripts.MethodLevelPatchScript::patch (21 bytes)
C2 CompilerThread1    22154  794 %     4       sun.security.provider.SHA2::implCompress0 @ 27 (448 bytes)
Total: 2

VM state: not at safepoint (normal execution)

VM Mutex/Monitor currently owned by a thread:  ([mutex/lock_event])
[0x00007ffe655abe18] Metaspace_lock - owner thread: 0x0000026751ddc360

Heap address: 0x0000000080000000, size: 2048 MB, Compressed Oops mode: 32-bit

CDS archive(s) mapped at: [0x0000026700000000-0x0000026700c90000-0x0000026700c90000), size 13172736, SharedBaseAddress: 0x0000026700000000, ArchiveRelocationMode: 1.
Compressed class space mapped at: 0x0000026701000000-0x0000026741000000, reserved size: 1073741824
Narrow klass base: 0x0000026700000000, Narrow klass shift: 0, Narrow klass range: 0x100000000

GC Precious Log:
 CardTable entry size: 512
 CPUs: 12 total, 12 available
 Memory: 7876M
 Large Page Support: Disabled
 NUMA Support: Disabled
 Compressed Oops: Enabled (32-bit)
 Alignments: Space 512K, Generation 512K, Heap 2M
 Heap Min Capacity: 100M
 Heap Initial Capacity: 100M
 Heap Max Capacity: 2G
 Pre-touch: Disabled
 Parallel Workers: 10

Heap:
 PSYoungGen      total 29696K, used 17138K [0x00000000d5580000, 0x00000000d7680000, 0x0000000100000000)
  eden space 25600K, 66% used [0x00000000d5580000,0x00000000d663ca88,0x00000000d6e80000)
  from space 4096K, 0% used [0x00000000d7280000,0x00000000d7280000,0x00000000d7680000)
  to   space 4096K, 0% used [0x00000000d6e80000,0x00000000d6e80000,0x00000000d7280000)
 ParOldGen       total 68608K, used 0K [0x0000000080000000, 0x0000000084300000, 0x00000000d5580000)
  object space 68608K, 0% used [0x0000000080000000,0x0000000080000000,0x0000000084300000)
 Metaspace       used 3709K, committed 3968K, reserved 1114112K
  class space    used 343K, committed 512K, reserved 1048576K

Card table byte_map: [0x0000026751780000,0x0000026751b90000] _byte_map_base: 0x0000026751380000

Marking Bits: (ParMarkBitMap*) 0x00007ffe655b2df0
 Begin Bits: [0x0000026769510000, 0x000002676b510000)
 End Bits:   [0x000002676b510000, 0x000002676d510000)

Polling page: 0x000002674fcb0000

Metaspace:

Usage:
  Non-class:      3.29 MB used.
      Class:    343.16 KB used.
       Both:      3.62 MB used.

Virtual space:
  Non-class space:       64.00 MB reserved,       3.38 MB (  5%) committed,  1 nodes.
      Class space:        1.00 GB reserved,     512.00 KB ( <1%) committed,  1 nodes.
             Both:        1.06 GB reserved,       3.88 MB ( <1%) committed. 

Chunk freelists:
   Non-Class:  11.44 MB
       Class:  15.49 MB
        Both:  26.93 MB

MaxMetaspaceSize: unlimited
CompressedClassSpaceSize: 1.00 GB
Initial GC threshold: 21.00 MB
Current GC threshold: 21.00 MB
CDS: on
 - commit_granule_bytes: 65536.
 - commit_granule_words: 8192.
 - virtual_space_node_default_size: 8388608.
 - enlarge_chunks_in_place: 1.
 - use_allocation_guard: 0.


Internal statistics:

num_allocs_failed_limit: 0.
num_arena_births: 162.
num_arena_deaths: 0.
num_vsnodes_births: 2.
num_vsnodes_deaths: 0.
num_space_committed: 62.
num_space_uncommitted: 0.
num_chunks_returned_to_freelist: 0.
num_chunks_taken_from_freelist: 214.
num_chunk_merges: 0.
num_chunk_splits: 139.
num_chunks_enlarged: 71.
num_inconsistent_stats: 0.

CodeHeap 'non-profiled nmethods': size=120000Kb used=314Kb max_used=314Kb free=119685Kb
 bounds [0x0000026761d30000, 0x0000026761fa0000, 0x0000026769260000]
CodeHeap 'profiled nmethods': size=120000Kb used=1267Kb max_used=1267Kb free=118732Kb
 bounds [0x000002675a260000, 0x000002675a4d0000, 0x0000026761790000]
CodeHeap 'non-nmethods': size=5760Kb used=1187Kb max_used=1204Kb free=4572Kb
 bounds [0x0000026761790000, 0x0000026761a00000, 0x0000026761d30000]
 total_blobs=1284 nmethods=838 adapters=353
 compilation: enabled
              stopped_count=0, restarted_count=0
 full_count=0

Compilation events (20 events):
Event: 14.005 Thread 0x000002676ed8bfe0  822       3       java.util.ImmutableCollections$List12::size (16 bytes)
Event: 14.006 Thread 0x000002676ed8bfe0 nmethod 822 0x000002675a390790 code [0x000002675a390940, 0x000002675a390ad0]
Event: 14.006 Thread 0x000002676ed8bfe0  827       3       java.lang.invoke.MemberName::getInvocationType (56 bytes)
Event: 14.008 Thread 0x000002676ed8bfe0 nmethod 827 0x000002675a390b90 code [0x000002675a390dc0, 0x000002675a391600]
Event: 14.009 Thread 0x000002676ed8bfe0  831       3       java.lang.invoke.LambdaForm$Name::replaceNames (175 bytes)
Event: 14.013 Thread 0x000002676ed8bfe0 nmethod 831 0x000002675a391890 code [0x000002675a391ae0, 0x000002675a392678]
Event: 14.016 Thread 0x000002676ed8bfe0  828       3       java.util.ImmutableCollections$ListN::size (6 bytes)
Event: 14.017 Thread 0x000002676ed8bfe0 nmethod 828 0x000002675a392a10 code [0x000002675a392ba0, 0x000002675a392cb8]
Event: 14.018 Thread 0x000002676ed8bfe0  833       3       jdk.internal.org.objectweb.asm.Frame::pop (53 bytes)
Event: 14.021 Thread 0x000002676ed8bfe0 nmethod 833 0x000002675a392d90 code [0x000002675a392fe0, 0x000002675a393758]
Event: 14.022 Thread 0x000002676ed8bfe0  834       3       java.util.ArrayList::get (15 bytes)
Event: 14.023 Thread 0x000002676ed8bfe0 nmethod 834 0x000002675a393a90 code [0x000002675a393c40, 0x000002675a393e88]
Event: 14.024 Thread 0x000002676ed8bfe0  835       3       java.util.Objects::checkIndex (7 bytes)
Event: 14.025 Thread 0x000002676ed8bfe0 nmethod 835 0x000002675a394010 code [0x000002675a3941c0, 0x000002675a3942f8]
Event: 14.026 Thread 0x000002676ed8bfe0  836       3       java.util.ArrayList::elementData (7 bytes)
Event: 14.027 Thread 0x000002676ed8bfe0 nmethod 836 0x000002675a394390 code [0x000002675a394540, 0x000002675a394678]
Event: 14.028 Thread 0x000002676ed8bfe0  832       3       jdk.internal.org.objectweb.asm.ClassWriter::visitMethod (57 bytes)
Event: 14.029 Thread 0x000002676ed8bfe0 nmethod 832 0x000002675a394790 code [0x000002675a394940, 0x000002675a394be0]
Event: 14.029 Thread 0x000002676ed8bfe0  837       3       java.io.WinNTFileSystem::normalize (143 bytes)
Event: 14.031 Thread 0x000002676ed8bfe0 nmethod 837 0x000002675a394d10 code [0x000002675a394fa0, 0x000002675a395a40]

GC Heap History (0 events):
No events

Dll operation events (9 events):
Event: 0.028 Loaded shared library C:\Program Files\Java\jdk-21\bin\java.dll
Event: 0.068 Loaded shared library C:\Program Files\Java\jdk-21\bin\zip.dll
Event: 0.110 Loaded shared library C:\Program Files\Java\jdk-21\bin\jsvml.dll
Event: 0.213 Loaded shared library C:\Program Files\Java\jdk-21\bin\instrument.dll
Event: 0.220 Loaded shared library C:\Program Files\Java\jdk-21\bin\net.dll
Event: 0.225 Loaded shared library C:\Program Files\Java\jdk-21\bin\nio.dll
Event: 0.233 Loaded shared library C:\Program Files\Java\jdk-21\bin\zip.dll
Event: 0.265 Loaded shared library C:\Program Files\Java\jdk-21\bin\jimage.dll
Event: 0.356 Loaded shared library C:\Program Files\Java\jdk-21\bin\verify.dll

Deoptimization events (20 events):
Event: 5.742 Thread 0x0000026751ddc360 Uncommon trap: trap_request=0xffffff45 fr.pc=0x0000026761d5151c relative=0x000000000000017c
Event: 5.742 Thread 0x0000026751ddc360 Uncommon trap: reason=unstable_if action=reinterpret pc=0x0000026761d5151c method=java.lang.StringUTF16.compress([CI[BII)I @ 20 c2
Event: 5.743 Thread 0x0000026751ddc360 DEOPT PACKING pc=0x0000026761d5151c sp=0x000000e140ffb6e0
Event: 5.743 Thread 0x0000026751ddc360 DEOPT UNPACKING pc=0x00000267617e3aa2 sp=0x000000e140ffb650 mode 2
Event: 7.775 Thread 0x0000026751ddc360 DEOPT PACKING pc=0x000002675a34618a sp=0x000000e140ffd500
Event: 7.775 Thread 0x0000026751ddc360 DEOPT UNPACKING pc=0x00000267617e4242 sp=0x000000e140ffc958 mode 0
Event: 7.775 Thread 0x0000026751ddc360 DEOPT PACKING pc=0x000002675a34618a sp=0x000000e140ffd500
Event: 7.775 Thread 0x0000026751ddc360 DEOPT UNPACKING pc=0x00000267617e4242 sp=0x000000e140ffc958 mode 0
Event: 7.776 Thread 0x0000026751ddc360 DEOPT PACKING pc=0x000002675a34618a sp=0x000000e140ffd620
Event: 7.776 Thread 0x0000026751ddc360 DEOPT UNPACKING pc=0x00000267617e4242 sp=0x000000e140ffca78 mode 0
Event: 7.776 Thread 0x0000026751ddc360 DEOPT PACKING pc=0x000002675a34618a sp=0x000000e140ffd620
Event: 7.776 Thread 0x0000026751ddc360 DEOPT UNPACKING pc=0x00000267617e4242 sp=0x000000e140ffca78 mode 0
Event: 11.903 Thread 0x0000026751ddc360 Uncommon trap: trap_request=0xffffff45 fr.pc=0x0000026761d60be0 relative=0x0000000000000600
Event: 11.903 Thread 0x0000026751ddc360 Uncommon trap: reason=unstable_if action=reinterpret pc=0x0000026761d60be0 method=java.lang.AbstractStringBuilder.append(Ljava/lang/String;)Ljava/lang/AbstractStringBuilder; @ 1 c2
Event: 11.903 Thread 0x0000026751ddc360 DEOPT PACKING pc=0x0000026761d60be0 sp=0x000000e140ffdab0
Event: 11.903 Thread 0x0000026751ddc360 DEOPT UNPACKING pc=0x00000267617e3aa2 sp=0x000000e140ffda40 mode 2
Event: 11.904 Thread 0x0000026751ddc360 Uncommon trap: trap_request=0xffffff45 fr.pc=0x0000026761d61f48 relative=0x00000000000005e8
Event: 11.904 Thread 0x0000026751ddc360 Uncommon trap: reason=unstable_if action=reinterpret pc=0x0000026761d61f48 method=java.lang.AbstractStringBuilder.append(Ljava/lang/String;)Ljava/lang/AbstractStringBuilder; @ 1 c2
Event: 11.904 Thread 0x0000026751ddc360 DEOPT PACKING pc=0x0000026761d61f48 sp=0x000000e140ffda60
Event: 11.904 Thread 0x0000026751ddc360 DEOPT UNPACKING pc=0x00000267617e3aa2 sp=0x000000e140ffda48 mode 2

Classes loaded (20 events):
Event: 11.912 Loading class java/util/regex/Pattern$1MatcherIterator
Event: 11.913 Loading class java/util/regex/Pattern$1MatcherIterator done
Event: 11.917 Loading class java/util/ImmutableCollections$Access
Event: 11.918 Loading class java/util/ImmutableCollections$Access done
Event: 11.918 Loading class java/util/ImmutableCollections$Access$1
Event: 11.919 Loading class jdk/internal/access/JavaUtilCollectionAccess
Event: 11.919 Loading class jdk/internal/access/JavaUtilCollectionAccess done
Event: 11.919 Loading class java/util/ImmutableCollections$Access$1 done
Event: 11.929 Loading class java/util/stream/Nodes$SpinedNodeBuilder
Event: 11.930 Loading class java/util/stream/SpinedBuffer
Event: 11.930 Loading class java/util/stream/AbstractSpinedBuffer
Event: 11.930 Loading class java/util/stream/AbstractSpinedBuffer done
Event: 11.930 Loading class java/util/stream/SpinedBuffer done
Event: 11.930 Loading class java/util/stream/Nodes$SpinedNodeBuilder done
Event: 11.939 Loading class java/lang/invoke/DirectMethodHandle$Special
Event: 11.940 Loading class java/lang/invoke/DirectMethodHandle$Special done
Event: 13.987 Loading class java/util/stream/ReduceOps$2
Event: 13.988 Loading class java/util/stream/ReduceOps$2 done
Event: 13.988 Loading class java/util/stream/ReduceOps$2ReducingSink
Event: 13.988 Loading class java/util/stream/ReduceOps$2ReducingSink done

Classes unloaded (0 events):
No events

Classes redefined (0 events):
No events

Internal exceptions (20 events):
Event: 0.326 Thread 0x0000026751ddc360 Exception <a 'java/lang/NoSuchMethodError'{0x00000000d59ffa78}: 'void java.lang.invoke.DelegatingMethodHandle$Holder.reinvoke_L(java.lang.Object, java.lang.Object, java.lang.Object, int, java.lang.Object)'> (0x00000000d59ffa78) 
thrown [s\open\src\hotspot\share\interpreter\linkResolver.cpp, line 773]
Event: 0.327 Thread 0x0000026751ddc360 Exception <a 'java/lang/NoSuchMethodError'{0x00000000d5a0b2f0}: 'int java.lang.invoke.DirectMethodHandle$Holder.invokeSpecial(java.lang.Object, java.lang.Object, java.lang.Object)'> (0x00000000d5a0b2f0) 
thrown [s\open\src\hotspot\share\interpreter\linkResolver.cpp, line 773]
Event: 0.330 Thread 0x0000026751ddc360 Exception <a 'java/lang/NoSuchMethodError'{0x00000000d5a1c5f8}: 'java.lang.Object java.lang.invoke.DirectMethodHandle$Holder.invokeStatic(java.lang.Object, java.lang.Object, int)'> (0x00000000d5a1c5f8) 
thrown [s\open\src\hotspot\share\interpreter\linkResolver.cpp, line 773]
Event: 0.332 Thread 0x0000026751ddc360 Exception <a 'java/lang/NoSuchMethodError'{0x00000000d5a21308}: 'void java.lang.invoke.DirectMethodHandle$Holder.invokeStatic(java.lang.Object, java.lang.Object, int, java.lang.Object)'> (0x00000000d5a21308) 
thrown [s\open\src\hotspot\share\interpreter\linkResolver.cpp, line 773]
Event: 0.332 Thread 0x0000026751ddc360 Exception <a 'java/lang/NoSuchMethodError'{0x00000000d5a25000}: 'void java.lang.invoke.DirectMethodHandle$Holder.invokeSpecial(java.lang.Object, java.lang.Object, java.lang.Object, int, java.lang.Object)'> (0x00000000d5a25000) 
thrown [s\open\src\hotspot\share\interpreter\linkResolver.cpp, line 773]
Event: 0.333 Thread 0x0000026751ddc360 Exception <a 'java/lang/NoSuchMethodError'{0x00000000d5a28690}: 'void java.lang.invoke.DelegatingMethodHandle$Holder.delegate(java.lang.Object, java.lang.Object, int, java.lang.Object)'> (0x00000000d5a28690) 
thrown [s\open\src\hotspot\share\interpreter\linkResolver.cpp, line 773]
Event: 0.369 Thread 0x0000026751ddc360 Exception <a 'java/lang/NoSuchMethodError'{0x00000000d5be7c68}: 'void java.lang.invoke.DelegatingMethodHandle$Holder.reinvoke_L(java.lang.Object, java.lang.Object, java.lang.Object, int)'> (0x00000000d5be7c68) 
thrown [s\open\src\hotspot\share\interpreter\linkResolver.cpp, line 773]
Event: 3.609 Thread 0x0000026751ddc360 Exception <a 'java/lang/NoSuchMethodError'{0x00000000d6094108}: 'void java.lang.invoke.DirectMethodHandle$Holder.invokeVirtual(java.lang.Object, java.lang.Object)'> (0x00000000d6094108) 
thrown [s\open\src\hotspot\share\interpreter\linkResolver.cpp, line 773]
Event: 10.834 Thread 0x0000026751ddc360 Exception <a 'java/lang/NoSuchMethodError'{0x00000000d644d788}: 'void java.lang.invoke.DirectMethodHandle$Holder.invokeStatic(java.lang.Object, java.lang.Object)'> (0x00000000d644d788) 
thrown [s\open\src\hotspot\share\interpreter\linkResolver.cpp, line 773]
Event: 10.840 Thread 0x0000026751ddc360 Exception <a 'java/lang/ClassNotFoundException'{0x00000000d6477f10}: sun/net/www/protocol/c/Handler> (0x00000000d6477f10) 
thrown [s\open\src\hotspot\share\classfile\systemDictionary.cpp, line 312]
Event: 11.891 Thread 0x0000026751ddc360 Exception <a 'java/io/FileNotFoundException'{0x00000000d64d7ad0}> (0x00000000d64d7ad0) 
thrown [s\open\src\hotspot\share\prims\jni.cpp, line 520]
Event: 11.891 Thread 0x0000026751ddc360 Exception <a 'java/io/FileNotFoundException'{0x00000000d64d8fb8}> (0x00000000d64d8fb8) 
thrown [s\open\src\hotspot\share\prims\jni.cpp, line 520]
Event: 11.891 Thread 0x0000026751ddc360 Exception <a 'java/io/FileNotFoundException'{0x00000000d64d9c30}> (0x00000000d64d9c30) 
thrown [s\open\src\hotspot\share\prims\jni.cpp, line 520]
Event: 11.891 Thread 0x0000026751ddc360 Exception <a 'java/io/FileNotFoundException'{0x00000000d64da770}> (0x00000000d64da770) 
thrown [s\open\src\hotspot\share\prims\jni.cpp, line 520]
Event: 11.903 Thread 0x0000026751ddc360 Implicit null exception at 0x0000026761d60624 to 0x0000026761d60bc8
Event: 11.904 Thread 0x0000026751ddc360 Implicit null exception at 0x0000026761d619a0 to 0x0000026761d61f30
Event: 11.910 Thread 0x0000026751ddc360 Exception <a 'java/io/FileNotFoundException'{0x00000000d650fcd0}> (0x00000000d650fcd0) 
thrown [s\open\src\hotspot\share\prims\jni.cpp, line 520]
Event: 11.943 Thread 0x0000026751ddc360 Exception <a 'java/lang/NoSuchMethodError'{0x00000000d654d450}: 'java.lang.Object java.lang.invoke.DirectMethodHandle$Holder.invokeInterface(java.lang.Object, java.lang.Object)'> (0x00000000d654d450) 
thrown [s\open\src\hotspot\share\interpreter\linkResolver.cpp, line 773]
Event: 13.973 Thread 0x0000026751ddc360 Exception <a 'java/lang/NoSuchMethodError'{0x00000000d65613e8}: 'java.lang.Object java.lang.invoke.Invokers$Holder.invokeExact_MT(java.lang.Object, java.lang.Object, java.lang.Object, java.lang.Object, java.lang.Object, java.lang.Object)'> (0x00000000d65613e8) 
thrown [s\open\src\hotspot\share\interpreter\linkResolver.cpp, line 773]
Event: 13.985 Thread 0x0000026751ddc360 Exception <a 'java/lang/NoSuchMethodError'{0x00000000d6578430}: 'int java.lang.invoke.DirectMethodHandle$Holder.invokeStatic(java.lang.Object, java.lang.Object, java.lang.Object, java.lang.Object, java.lang.Object)'> (0x00000000d6578430) 
thrown [s\open\src\hotspot\share\interpreter\linkResolver.cpp, line 773]

ZGC Phase Switch (0 events):
No events

VM Operations (20 events):
Event: 2.301 Executing VM operation: Cleanup
Event: 2.503 Executing VM operation: Cleanup done
Event: 3.517 Executing VM operation: Cleanup
Event: 3.596 Executing VM operation: Cleanup done
Event: 4.611 Executing VM operation: Cleanup
Event: 4.658 Executing VM operation: Cleanup done
Event: 5.662 Executing VM operation: Cleanup
Event: 5.740 Executing VM operation: Cleanup done
Event: 7.782 Executing VM operation: HandshakeAllThreads (Deoptimize)
Event: 7.782 Executing VM operation: HandshakeAllThreads (Deoptimize) done
Event: 7.782 Executing VM operation: Cleanup
Event: 7.782 Executing VM operation: Cleanup done
Event: 9.794 Executing VM operation: Cleanup
Event: 9.794 Executing VM operation: Cleanup done
Event: 11.801 Executing VM operation: Cleanup
Event: 11.864 Executing VM operation: Cleanup done
Event: 12.877 Executing VM operation: Cleanup
Event: 12.971 Executing VM operation: Cleanup done
Event: 14.975 Executing VM operation: Cleanup
Event: 14.975 Executing VM operation: Cleanup done

Events (14 events):
Event: 0.070 Thread 0x0000026751ddc360 Thread added: 0x0000026751ddc360
Event: 0.107 Thread 0x0000026751d885b0 Thread added: 0x0000026751d885b0
Event: 0.107 Thread 0x0000026751d8c4d0 Thread added: 0x0000026751d8c4d0
Event: 0.108 Thread 0x000002676ed636c0 Thread added: 0x000002676ed636c0
Event: 0.108 Thread 0x000002676ed646a0 Thread added: 0x000002676ed646a0
Event: 0.108 Thread 0x000002676ed69b00 Thread added: 0x000002676ed69b00
Event: 0.108 Thread 0x000002676ed71fa0 Thread added: 0x000002676ed71fa0
Event: 0.108 Thread 0x000002676ed731e0 Thread added: 0x000002676ed731e0
Event: 0.109 Thread 0x000002676ed8bfe0 Thread added: 0x000002676ed8bfe0
Event: 0.149 Thread 0x000002676ee61e40 Thread added: 0x000002676ee61e40
Event: 0.351 Thread 0x000002676f013db0 Thread added: 0x000002676f013db0
Event: 1.446 Thread 0x000002676f0a9b90 Thread added: 0x000002676f0a9b90
Event: 2.509 Thread 0x000002676f013db0 Thread exited: 0x000002676f013db0
Event: 4.672 Thread 0x000002676f13e250 Thread added: 0x000002676f13e250


Dynamic libraries:
0x00007ff7791d0000 - 0x00007ff7791e0000 	C:\Program Files\Java\jdk-21\bin\java.exe
0x00007ffed7c00000 - 0x00007ffed7e68000 	C:\WINDOWS\SYSTEM32\ntdll.dll
0x00007ffed6f30000 - 0x00007ffed6ff9000 	C:\WINDOWS\System32\KERNEL32.DLL
0x00007ffed5150000 - 0x00007ffed5542000 	C:\WINDOWS\System32\KERNELBASE.dll
0x00007ffed5000000 - 0x00007ffed514b000 	C:\WINDOWS\System32\ucrtbase.dll
0x00007ffecb340000 - 0x00007ffecb359000 	C:\Program Files\Java\jdk-21\bin\jli.dll
0x00007ffed5f70000 - 0x00007ffed6024000 	C:\WINDOWS\System32\ADVAPI32.dll
0x00007ffed6c50000 - 0x00007ffed6cf9000 	C:\WINDOWS\System32\msvcrt.dll
0x00007ffed5b60000 - 0x00007ffed5c06000 	C:\WINDOWS\System32\sechost.dll
0x00007ffed6d80000 - 0x00007ffed6e98000 	C:\WINDOWS\System32\RPCRT4.dll
0x00007ffed7200000 - 0x00007ffed73c5000 	C:\WINDOWS\System32\USER32.dll
0x00007ffed4d90000 - 0x00007ffed4db7000 	C:\WINDOWS\System32\win32u.dll
0x00007ffed6ef0000 - 0x00007ffed6f1b000 	C:\WINDOWS\System32\GDI32.dll
0x00007ffed5810000 - 0x00007ffed593d000 	C:\WINDOWS\System32\gdi32full.dll
0x00007ffed5550000 - 0x00007ffed55f3000 	C:\WINDOWS\System32\msvcp_win.dll
0x00007ffeb86b0000 - 0x00007ffeb8943000 	C:\WINDOWS\WinSxS\amd64_microsoft.windows.common-controls_6595b64144ccf1df_6.0.26100.6899_none_3e0efeeae32e88c1\COMCTL32.dll
0x00007ffec4ea0000 - 0x00007ffec4eab000 	C:\WINDOWS\SYSTEM32\VERSION.dll
0x00007ffecb320000 - 0x00007ffecb33b000 	C:\Program Files\Java\jdk-21\bin\VCRUNTIME140.dll
0x00007ffed5b20000 - 0x00007ffed5b4f000 	C:\WINDOWS\System32\IMM32.DLL
0x00007ffecb470000 - 0x00007ffecb47c000 	C:\Program Files\Java\jdk-21\bin\vcruntime140_1.dll
0x00007ffe8ebd0000 - 0x00007ffe8ec5e000 	C:\Program Files\Java\jdk-21\bin\msvcp140.dll
0x00007ffe64970000 - 0x00007ffe6568a000 	C:\Program Files\Java\jdk-21\bin\server\jvm.dll
0x00007ffed6660000 - 0x00007ffed66d4000 	C:\WINDOWS\System32\WS2_32.dll
0x00007ffed4bf0000 - 0x00007ffed4c4e000 	C:\WINDOWS\SYSTEM32\POWRPROF.dll
0x00007ffed17b0000 - 0x00007ffed17e5000 	C:\WINDOWS\SYSTEM32\WINMM.dll
0x00007ffed4bd0000 - 0x00007ffed4be4000 	C:\WINDOWS\SYSTEM32\UMPDC.dll
0x00007ffed3b40000 - 0x00007ffed3b5b000 	C:\WINDOWS\SYSTEM32\kernel.appcore.dll
0x00007ffecb310000 - 0x00007ffecb31a000 	C:\Program Files\Java\jdk-21\bin\jimage.dll
0x00007ffed2590000 - 0x00007ffed27d2000 	C:\WINDOWS\SYSTEM32\DBGHELP.DLL
0x00007ffed66e0000 - 0x00007ffed6a5b000 	C:\WINDOWS\System32\combase.dll
0x00007ffed6a60000 - 0x00007ffed6b37000 	C:\WINDOWS\System32\OLEAUT32.dll
0x00007ffe9eae0000 - 0x00007ffe9eb1c000 	C:\WINDOWS\SYSTEM32\dbgcore.DLL
0x00007ffed5600000 - 0x00007ffed5698000 	C:\WINDOWS\System32\bcryptPrimitives.dll
0x00007ffecb300000 - 0x00007ffecb30f000 	C:\Program Files\Java\jdk-21\bin\instrument.dll
0x00007ffecb110000 - 0x00007ffecb12f000 	C:\Program Files\Java\jdk-21\bin\java.dll
0x00007ffecb030000 - 0x00007ffecb048000 	C:\Program Files\Java\jdk-21\bin\zip.dll
0x00007ffed73e0000 - 0x00007ffed7b2d000 	C:\WINDOWS\System32\SHELL32.dll
0x00007ffed56a0000 - 0x00007ffed580b000 	C:\WINDOWS\System32\wintypes.dll
0x00007ffed29a0000 - 0x00007ffed31fd000 	C:\WINDOWS\SYSTEM32\windows.storage.dll
0x00007ffed5c10000 - 0x00007ffed5d02000 	C:\WINDOWS\System32\SHCORE.dll
0x00007ffed59d0000 - 0x00007ffed5a32000 	C:\WINDOWS\System32\shlwapi.dll
0x00007ffed4cb0000 - 0x00007ffed4cd9000 	C:\WINDOWS\SYSTEM32\profapi.dll
0x00007ffe70620000 - 0x00007ffe706f7000 	C:\Program Files\Java\jdk-21\bin\jsvml.dll
0x00007ffecb2f0000 - 0x00007ffecb300000 	C:\Program Files\Java\jdk-21\bin\net.dll
0x00007ffeca130000 - 0x00007ffeca24f000 	C:\WINDOWS\SYSTEM32\WINHTTP.dll
0x00007ffed40d0000 - 0x00007ffed413b000 	C:\WINDOWS\system32\mswsock.dll
0x00007ffeca840000 - 0x00007ffeca856000 	C:\Program Files\Java\jdk-21\bin\nio.dll
0x00007ffecaf00000 - 0x00007ffecaf10000 	C:\Program Files\Java\jdk-21\bin\verify.dll

dbghelp: loaded successfully - version: 4.0.5 - missing functions: none
symbol engine: initialized successfully - sym options: 0x614 - pdb path: .;C:\Program Files\Java\jdk-21\bin;C:\WINDOWS\SYSTEM32;C:\WINDOWS\WinSxS\amd64_microsoft.windows.common-controls_6595b64144ccf1df_6.0.26100.6899_none_3e0efeeae32e88c1;C:\Program Files\Java\jdk-21\bin\server

VM Arguments:
jvm_args: --add-modules=ALL-SYSTEM --add-opens=java.base/java.util=ALL-UNNAMED --add-opens=java.base/java.lang=ALL-UNNAMED --add-opens=java.base/sun.nio.fs=ALL-UNNAMED -Declipse.application=org.eclipse.jdt.ls.core.id1 -Dosgi.bundles.defaultStartLevel=4 -Declipse.product=org.eclipse.jdt.ls.core.product -Djava.import.generatesMetadataFilesAtProjectRoot=false -DDetectVMInstallationsJob.disabled=true -Dfile.encoding=utf8 -XX:+UseParallelGC -XX:GCTimeRatio=4 -XX:AdaptiveSizePolicyWeight=90 -Dsun.zip.disableMemoryMapping=true -Xmx2G -Xms100m -Xlog:disable -javaagent:c:\Users\Nithin\.vscode\extensions\redhat.java-1.48.2025111408\lombok\lombok-1.18.39-4050.jar -XX:+HeapDumpOnOutOfMemoryError -XX:HeapDumpPath=c:\Users\Nithin\AppData\Roaming\Code\User\workspaceStorage\a1573f673dcf98b27099e1665c3d0566\redhat.java -Daether.dependencyCollector.impl=bf -XX:+UnlockDiagnosticVMOptions -XX:+AllowArchivingWithJavaAgent -XX:+AutoCreateSharedArchive -XX:SharedArchiveFile=c:\Users\Nithin\AppData\Roaming\Code\User\globalStorage\redhat.java\1.48.2025111408\jdtls.jsa 
java_command: c:\Users\Nithin\.vscode\extensions\redhat.java-1.48.2025111408\server\plugins\org.eclipse.equinox.launcher_1.7.100.v20251111-0406.jar -configuration c:\Users\Nithin\AppData\Roaming\Code\User\globalStorage\redhat.java\1.48.2025111408\config_win -data c:\Users\Nithin\AppData\Roaming\Code\User\workspaceStorage\a1573f673dcf98b27099e1665c3d0566\redhat.java\jdt_ws --pipe=\\.\pipe\lsp-c0380f254e9a6c2d733f73d0a45f6441-sock
java_class_path (initial): c:\Users\Nithin\.vscode\extensions\redhat.java-1.48.2025111408\server\plugins\org.eclipse.equinox.launcher_1.7.100.v20251111-0406.jar
Launcher Type: SUN_STANDARD

[Global flags]
    uintx AdaptiveSizePolicyWeight                 = 90                                        {product} {command line}
     bool AllowArchivingWithJavaAgent              = true                             {JVMCI diagnostic} {command line}
     bool AutoCreateSharedArchive                  = true                                {JVMCI product} {command line}
     intx CICompilerCount                          = 4                                         {product} {ergonomic}
    uintx GCTimeRatio                              = 4                                         {product} {command line}
     bool HeapDumpOnOutOfMemoryError               = true                                   {manageable} {command line}
    ccstr HeapDumpPath                             = c:\Users\Nithin\AppData\Roaming\Code\User\workspaceStorage\a1573f673dcf98b27099e1665c3d0566\redhat.java         {manageable} {command line}
   size_t InitialHeapSize                          = 104857600                                 {product} {command line}
   size_t MaxHeapSize                              = 2147483648                                {product} {command line}
   size_t MaxNewSize                               = 715653120                                 {product} {ergonomic}
   size_t MinHeapDeltaBytes                        = 524288                                    {product} {ergonomic}
   size_t MinHeapSize                              = 104857600                                 {product} {command line}
   size_t NewSize                                  = 34603008                                  {product} {ergonomic}
    uintx NonNMethodCodeHeapSize                   = 5839372                                {pd product} {ergonomic}
    uintx NonProfiledCodeHeapSize                  = 122909434                              {pd product} {ergonomic}
   size_t OldSize                                  = 70254592                                  {product} {ergonomic}
    uintx ProfiledCodeHeapSize                     = 122909434                              {pd product} {ergonomic}
    uintx ReservedCodeCacheSize                    = 251658240                              {pd product} {ergonomic}
     bool SegmentedCodeCache                       = true                                      {product} {ergonomic}
    ccstr SharedArchiveFile                        =                                     {JVMCI product} {command line}
   size_t SoftMaxHeapSize                          = 2147483648                             {manageable} {ergonomic}
     bool UnlockDiagnosticVMOptions                = true                                   {diagnostic} {command line}
     bool UseCompressedOops                        = true                           {product lp64_product} {ergonomic}
     bool UseLargePagesIndividualAllocation        = false                                  {pd product} {ergonomic}
     bool UseParallelGC                            = true                                      {product} {command line}

Logging:
Log output configuration:
 #0: stdout all=off uptime,level,tags foldmultilines=false
 #1: stderr all=off uptime,level,tags foldmultilines=false

Environment Variables:
PATH=C:\Python314\Scripts\;C:\Python314\;C:\Python313\Scripts\;C:\Python313\;C:\Program Files\Common Files\Oracle\Java\javapath;C:\Program Files\Python311\Scripts\;C:\Program Files\Python311\;C:\Windows\system32;C:\Windows;C:\Windows\System32\Wbem;C:\Windows\System32\WindowsPowerShell\v1.0\;C:\Windows\System32\OpenSSH\;C:\Program Files\dotnet\;C:\Program Files (x86)\NVIDIA Corporation\PhysX\Common;C:\Program Files\NVIDIA Corporation\NVIDIA NvDLISR;C:\Program Files\nodejs\node_modules\npm\bin;C:\Program Files\MySQL\MySQL Server 8.0\bin;C:\Program Files\Git\cmd;C:\WINDOWS\system32;C:\WINDOWS;C:\WINDOWS\System32\Wbem;C:\WINDOWS\System32\WindowsPowerShell\v1.0\;C:\WINDOWS\System32\OpenSSH\;C:\Program Files\Java\jdk-19\bin;C:\MinGW\bin;C:\xampp\php;D:\node.js\;C:\ProgramData\chocolatey\bin;C:\Program Files\MySQL;C:\Users\Nithin\AppData\Local\Programs\Microsoft VS Code\bin;C:\PHP 7,3;C:\Users\Nithin\AppData\Roaming\Composer\vendor\bin;C:\Users\Nithin\AppData\Roaming\npm
USERNAME=Nithin
OS=Windows_NT
PROCESSOR_IDENTIFIER=Intel64 Family 6 Model 154 Stepping 4, GenuineIntel
TMP=C:\Users\Nithin\AppData\Local\Temp
TEMP=C:\Users\Nithin\AppData\Local\Temp




Periodic native trim disabled

---------------  S Y S T E M  ---------------

OS:
 Windows 11 , 64 bit Build 26100 (10.0.26100.6725)
OS uptime: 23 days 20:21 hours
Hyper-V role detected

CPU: total 12 (initial active 12) (6 cores per cpu, 2 threads per core) family 6 model 154 stepping 4 microcode 0x437, cx8, cmov, fxsr, ht, mmx, 3dnowpref, sse, sse2, sse3, ssse3, sse4.1, sse4.2, popcnt, lzcnt, tsc, tscinvbit, avx, avx2, aes, erms, clmul, bmi1, bmi2, adx, sha, fma, vzeroupper, clflush, clflushopt, clwb, hv, serialize, rdtscp, rdpid, fsrm, f16c, cet_ibt, cet_ss
Processor Information for all 12 processors :
  Max Mhz: 1300, Current Mhz: 1300, Mhz Limit: 1300

Memory: 4k page, system-wide physical 7876M (573M free)
TotalPageFile size 32452M (AvailPageFile size 133M)
current process WorkingSet (physical memory assigned to process): 65M, peak: 66M
current process commit charge ("private bytes"): 240M, peak: 241M

vm_info: Java HotSpot(TM) 64-Bit Server VM (21.0.6+8-LTS-188) for windows-amd64 JRE (21.0.6+8-LTS-188), built on 2024-12-03T10:50:54Z by "mach5one" with MS VC++ 17.6 (VS2022)

END.
