#
# There is insufficient memory for the Java Runtime Environment to continue.
# Native memory allocation (mmap) failed to map 130023424 bytes for G1 virtual space
# Possible reasons:
#   The system is out of physical RAM or swap space
#   The process is running with CompressedOops enabled, and the Java Heap may be blocking the growth of the native heap
# Possible solutions:
#   Reduce memory load on the system
#   Increase physical memory or swap space
#   Check if swap backing store is full
#   Decrease Java heap size (-Xmx/-Xms)
#   Decrease number of Java threads
#   Decrease Java thread stack sizes (-Xss)
#   Set larger code cache with -XX:ReservedCodeCacheSize=
#   JVM is running with Unscaled Compressed Oops mode in which the Java heap is
#     placed in the first 4GB address space. The Java Heap base address is the
#     maximum limit for the native heap growth. Please use -XX:HeapBaseMinAddress
#     to set the Java Heap base and to place the Java Heap above 4GB virtual address.
# This output file may be truncated or incomplete.
#
#  Out of Memory Error (os_windows.cpp:3603), pid=16620, tid=16296
#
# JRE version:  (21.0.6+8) (build )
# Java VM: Java HotSpot(TM) 64-Bit Server VM (21.0.6+8-LTS-188, mixed mode, sharing, tiered, compressed oops, compressed class ptrs, g1 gc, windows-amd64)
# No core dump will be written. Minidumps are not enabled by default on client versions of Windows
#

---------------  S U M M A R Y ------------

Command Line: practiceforinterview.Recursepali

Host: 12th Gen Intel(R) Core(TM) i5-1235U, 12 cores, 7G,  Windows 11 , 64 bit Build 26100 (10.0.26100.6725)
Time: Mon Nov 17 13:04:14 2025 India Standard Time elapsed time: 1.104357 seconds (0d 0h 0m 1s)

---------------  T H R E A D  ---------------

Current thread (0x000001ee7c982960):  JavaThread "Unknown thread" [_thread_in_vm, id=16296, stack(0x000000edff300000,0x000000edff400000) (1024K)]

Stack: [0x000000edff300000,0x000000edff400000]
Native frames: (J=compiled Java code, j=interpreted, Vv=VM code, C=native code)
V  [jvm.dll+0x6ca6d9]
V  [jvm.dll+0x854f51]
V  [jvm.dll+0x85747e]
V  [jvm.dll+0x857b53]
V  [jvm.dll+0x27dcc6]
V  [jvm.dll+0x6c6e55]
V  [jvm.dll+0x6bb9da]
V  [jvm.dll+0x35393a]
V  [jvm.dll+0x35b596]
V  [jvm.dll+0x3adefe]
V  [jvm.dll+0x3ae1a8]
V  [jvm.dll+0x327cbc]
V  [jvm.dll+0x32881b]
V  [jvm.dll+0x81e309]
V  [jvm.dll+0x3babe1]
V  [jvm.dll+0x807658]
V  [jvm.dll+0x44fdae]
V  [jvm.dll+0x4519a1]
C  [jli.dll+0x52a3]
C  [ucrtbase.dll+0x37b0]
C  [KERNEL32.DLL+0x2e8d7]
C  [ntdll.dll+0x8c53c]


---------------  P R O C E S S  ---------------

Threads class SMR info:
_java_thread_list=0x00007ffe674dcc08, length=0, elements={
}

Java Threads: ( => current thread )
Total: 0

Other Threads:
  0x000001ee7ed09140 WorkerThread "GC Thread#0"                     [id=23932, stack(0x000000edff400000,0x000000edff500000) (1024K)]
  0x000001ee7ed1ae90 ConcurrentGCThread "G1 Main Marker"            [id=16308, stack(0x000000edff500000,0x000000edff600000) (1024K)]
  0x000001ee7ed1b8a0 WorkerThread "G1 Conc#0"                       [id=29352, stack(0x000000edff600000,0x000000edff700000) (1024K)]

[error occurred during error reporting (printing all threads), id 0xc0000005, EXCEPTION_ACCESS_VIOLATION (0xc0000005) at pc=0x00007ffe66c4a427]
VM state: not at safepoint (not fully initialized)

VM Mutex/Monitor currently owned by a thread:  ([mutex/lock_event])
[0x00007ffe6754df98] Heap_lock - owner thread: 0x000001ee7c982960

Heap address: 0x0000000084e00000, size: 1970 MB, Compressed Oops mode: 32-bit

CDS archive(s) mapped at: [0x0000000000000000-0x0000000000000000-0x0000000000000000), size 0, SharedBaseAddress: 0x0000000800000000, ArchiveRelocationMode: 1.
Narrow klass base: 0x0000000000000000, Narrow klass shift: 0, Narrow klass range: 0x0

GC Precious Log:
 CardTable entry size: 512
 Card Set container configuration: InlinePtr #cards 5 size 8 Array Of Cards #cards 12 size 40 Howl #buckets 4 coarsen threshold 1843 Howl Bitmap #cards 512 size 80 coarsen threshold 460 Card regions per heap region 1 cards per card region 2048

Heap:
 garbage-first heap   total 0K, used 0K [0x0000000084e00000, 0x0000000100000000)
  region size 1024K, 0 young (0K), 0 survivors (0K)

[error occurred during error reporting (printing heap information), id 0xc0000005, EXCEPTION_ACCESS_VIOLATION (0xc0000005) at pc=0x00007ffe670336a9]
GC Heap History (0 events):
No events

Dll operation events (1 events):
Event: 0.006 Loaded shared library C:\Program Files\Java\jdk-21\bin\java.dll

Deoptimization events (0 events):
No events

Classes loaded (0 events):
No events

Classes unloaded (0 events):
No events

Classes redefined (0 events):
No events

Internal exceptions (0 events):
No events

ZGC Phase Switch (0 events):
No events

VM Operations (0 events):
No events

Events (0 events):
No events


Dynamic libraries:
0x00007ff6592f0000 - 0x00007ff659300000 	C:\Program Files\Java\jdk-21\bin\java.exe
0x00007ffed7c00000 - 0x00007ffed7e68000 	C:\WINDOWS\SYSTEM32\ntdll.dll
0x00007ffed6f30000 - 0x00007ffed6ff9000 	C:\WINDOWS\System32\KERNEL32.DLL
0x00007ffed5150000 - 0x00007ffed5542000 	C:\WINDOWS\System32\KERNELBASE.dll
0x00007ffed5000000 - 0x00007ffed514b000 	C:\WINDOWS\System32\ucrtbase.dll
0x00007ffecb340000 - 0x00007ffecb359000 	C:\Program Files\Java\jdk-21\bin\jli.dll
0x00007ffed5f70000 - 0x00007ffed6024000 	C:\WINDOWS\System32\ADVAPI32.dll
0x00007ffed6c50000 - 0x00007ffed6cf9000 	C:\WINDOWS\System32\msvcrt.dll
0x00007ffecb2f0000 - 0x00007ffecb30b000 	C:\Program Files\Java\jdk-21\bin\VCRUNTIME140.dll
0x00007ffed5b60000 - 0x00007ffed5c06000 	C:\WINDOWS\System32\sechost.dll
0x00007ffed6d80000 - 0x00007ffed6e98000 	C:\WINDOWS\System32\RPCRT4.dll
0x00007ffed7200000 - 0x00007ffed73c5000 	C:\WINDOWS\System32\USER32.dll
0x00007ffeb86b0000 - 0x00007ffeb8943000 	C:\WINDOWS\WinSxS\amd64_microsoft.windows.common-controls_6595b64144ccf1df_6.0.26100.6899_none_3e0efeeae32e88c1\COMCTL32.dll
0x00007ffed4d90000 - 0x00007ffed4db7000 	C:\WINDOWS\System32\win32u.dll
0x00007ffed6ef0000 - 0x00007ffed6f1b000 	C:\WINDOWS\System32\GDI32.dll
0x00007ffed5810000 - 0x00007ffed593d000 	C:\WINDOWS\System32\gdi32full.dll
0x00007ffed5550000 - 0x00007ffed55f3000 	C:\WINDOWS\System32\msvcp_win.dll
0x00007ffec4ea0000 - 0x00007ffec4eab000 	C:\WINDOWS\SYSTEM32\VERSION.dll
0x00007ffed5b20000 - 0x00007ffed5b4f000 	C:\WINDOWS\System32\IMM32.DLL
0x00007ffecbd50000 - 0x00007ffecbd5c000 	C:\Program Files\Java\jdk-21\bin\vcruntime140_1.dll
0x00007ffe9b1b0000 - 0x00007ffe9b23e000 	C:\Program Files\Java\jdk-21\bin\msvcp140.dll
0x00007ffe66910000 - 0x00007ffe6762a000 	C:\Program Files\Java\jdk-21\bin\server\jvm.dll
0x00007ffed6660000 - 0x00007ffed66d4000 	C:\WINDOWS\System32\WS2_32.dll
0x00007ffed17b0000 - 0x00007ffed17e5000 	C:\WINDOWS\SYSTEM32\WINMM.dll
0x00007ffed4bf0000 - 0x00007ffed4c4e000 	C:\WINDOWS\SYSTEM32\POWRPROF.dll
0x00007ffed4bd0000 - 0x00007ffed4be4000 	C:\WINDOWS\SYSTEM32\UMPDC.dll
0x00007ffed3b40000 - 0x00007ffed3b5b000 	C:\WINDOWS\SYSTEM32\kernel.appcore.dll
0x00007ffecaf00000 - 0x00007ffecaf0a000 	C:\Program Files\Java\jdk-21\bin\jimage.dll
0x00007ffed2590000 - 0x00007ffed27d2000 	C:\WINDOWS\SYSTEM32\DBGHELP.DLL
0x00007ffed66e0000 - 0x00007ffed6a5b000 	C:\WINDOWS\System32\combase.dll
0x00007ffed6a60000 - 0x00007ffed6b37000 	C:\WINDOWS\System32\OLEAUT32.dll
0x00007ffe9eae0000 - 0x00007ffe9eb1c000 	C:\WINDOWS\SYSTEM32\dbgcore.DLL
0x00007ffed5600000 - 0x00007ffed5698000 	C:\WINDOWS\System32\bcryptPrimitives.dll
0x00007ffecac60000 - 0x00007ffecac7f000 	C:\Program Files\Java\jdk-21\bin\java.dll

dbghelp: loaded successfully - version: 4.0.5 - missing functions: none
symbol engine: initialized successfully - sym options: 0x614 - pdb path: .;C:\Program Files\Java\jdk-21\bin;C:\WINDOWS\SYSTEM32;C:\WINDOWS\WinSxS\amd64_microsoft.windows.common-controls_6595b64144ccf1df_6.0.26100.6899_none_3e0efeeae32e88c1;C:\Program Files\Java\jdk-21\bin\server

VM Arguments:
java_command: practiceforinterview.Recursepali
java_class_path (initial): .
Launcher Type: SUN_STANDARD

[Global flags]
     intx CICompilerCount                          = 4                                         {product} {ergonomic}
     uint ConcGCThreads                            = 3                                         {product} {ergonomic}
     uint G1ConcRefinementThreads                  = 10                                        {product} {ergonomic}
   size_t G1HeapRegionSize                         = 1048576                                   {product} {ergonomic}
    uintx GCDrainStackTargetSize                   = 64                                        {product} {ergonomic}
   size_t InitialHeapSize                          = 130023424                                 {product} {ergonomic}
   size_t MarkStackSize                            = 4194304                                   {product} {ergonomic}
   size_t MaxHeapSize                              = 2065694720                                {product} {ergonomic}
   size_t MinHeapDeltaBytes                        = 1048576                                   {product} {ergonomic}
   size_t MinHeapSize                              = 8388608                                   {product} {ergonomic}
    uintx NonNMethodCodeHeapSize                   = 5839372                                {pd product} {ergonomic}
    uintx NonProfiledCodeHeapSize                  = 122909434                              {pd product} {ergonomic}
    uintx ProfiledCodeHeapSize                     = 122909434                              {pd product} {ergonomic}
    uintx ReservedCodeCacheSize                    = 251658240                              {pd product} {ergonomic}
     bool SegmentedCodeCache                       = true                                      {product} {ergonomic}
   size_t SoftMaxHeapSize                          = 2065694720                             {manageable} {ergonomic}
     bool UseCompressedOops                        = true                           {product lp64_product} {ergonomic}
     bool UseG1GC                                  = true                                      {product} {ergonomic}
     bool UseLargePagesIndividualAllocation        = false                                  {pd product} {ergonomic}

Logging:
Log output configuration:
 #0: stdout all=warning uptime,level,tags foldmultilines=false
 #1: stderr all=off uptime,level,tags foldmultilines=false

Environment Variables:
PATH=C:\Python314\Scripts\;C:\Python314\;C:\Python313\Scripts\;C:\Python313\;C:\Program Files\Common Files\Oracle\Java\javapath;C:\Program Files\Python311\Scripts\;C:\Program Files\Python311\;C:\Windows\system32;C:\Windows;C:\Windows\System32\Wbem;C:\Windows\System32\WindowsPowerShell\v1.0\;C:\Windows\System32\OpenSSH\;C:\Program Files\dotnet\;C:\Program Files (x86)\NVIDIA Corporation\PhysX\Common;C:\Program Files\NVIDIA Corporation\NVIDIA NvDLISR;C:\Program Files\nodejs\node_modules\npm\bin;C:\Program Files\MySQL\MySQL Server 8.0\bin;C:\Program Files\Git\cmd;C:\WINDOWS\system32;C:\WINDOWS;C:\WINDOWS\System32\Wbem;C:\WINDOWS\System32\WindowsPowerShell\v1.0\;C:\WINDOWS\System32\OpenSSH\;C:\Program Files\Java\jdk-19\bin;C:\MinGW\bin;C:\xampp\php;D:\node.js\;C:\ProgramData\chocolatey\bin;C:\Program Files\MySQL;C:\Users\Nithin\AppData\Local\Programs\Microsoft VS Code\bin;C:\PHP 7,3;C:\Users\Nithin\AppData\Roaming\Composer\vendor\bin;C:\Users\Nithin\AppData\Roaming\npm;c:\Users\Nithin\.vscode\extensions\vscjava.vscode-java-debug-0.58.3\bundled\scripts\noConfigScripts
USERNAME=Nithin
LANG=en_US.UTF-8
OS=Windows_NT
PROCESSOR_IDENTIFIER=Intel64 Family 6 Model 154 Stepping 4, GenuineIntel
TMP=C:\Users\Nithin\AppData\Local\Temp
TEMP=C:\Users\Nithin\AppData\Local\Temp




Periodic native trim disabled

---------------  S Y S T E M  ---------------

OS:
 Windows 11 , 64 bit Build 26100 (10.0.26100.6725)
OS uptime: 23 days 20:19 hours
Hyper-V role detected

CPU: total 12 (initial active 12) (6 cores per cpu, 2 threads per core) family 6 model 154 stepping 4 microcode 0x437, cx8, cmov, fxsr, ht, mmx, 3dnowpref, sse, sse2, sse3, ssse3, sse4.1, sse4.2, popcnt, lzcnt, tsc, tscinvbit, avx, avx2, aes, erms, clmul, bmi1, bmi2, adx, sha, fma, vzeroupper, clflush, clflushopt, clwb, hv, serialize, rdtscp, rdpid, fsrm, f16c, cet_ibt, cet_ss
Processor Information for all 12 processors :
  Max Mhz: 1300, Current Mhz: 1300, Mhz Limit: 1300

Memory: 4k page, system-wide physical 7876M (641M free)
TotalPageFile size 32452M (AvailPageFile size 124M)
current process WorkingSet (physical memory assigned to process): 12M, peak: 12M
current process commit charge ("private bytes"): 64M, peak: 188M

vm_info: Java HotSpot(TM) 64-Bit Server VM (21.0.6+8-LTS-188) for windows-amd64 JRE (21.0.6+8-LTS-188), built on 2024-12-03T10:50:54Z by "mach5one" with MS VC++ 17.6 (VS2022)

END.
