#
# There is insufficient memory for the Java Runtime Environment to continue.
# Native memory allocation (malloc) failed to allocate 598064 bytes for Chunk::new
# Possible reasons:
#   The system is out of physical RAM or swap space
#   The process is running with CompressedOops enabled, and the Java Heap may be blocking the growth of the native heap
# Possible solutions:
#   Reduce memory load on the system
#   Increase physical memory or swap space
#   Check if swap backing store is full
#   Decrease Java heap size (-Xmx/-Xms)
#   Decrease number of Java threads
#   Decrease Java thread stack sizes (-Xss)
#   Set larger code cache with -XX:ReservedCodeCacheSize=
#   JVM is running with Unscaled Compressed Oops mode in which the Java heap is
#     placed in the first 4GB address space. The Java Heap base address is the
#     maximum limit for the native heap growth. Please use -XX:HeapBaseMinAddress
#     to set the Java Heap base and to place the Java Heap above 4GB virtual address.
# This output file may be truncated or incomplete.
#
#  Out of Memory Error (arena.cpp:168), pid=13416, tid=17544
#
# JRE version: Java(TM) SE Runtime Environment (21.0.6+8) (build 21.0.6+8-LTS-188)
# Java VM: Java HotSpot(TM) 64-Bit Server VM (21.0.6+8-LTS-188, mixed mode, sharing, tiered, compressed oops, compressed class ptrs, parallel gc, windows-amd64)
# No core dump will be written. Minidumps are not enabled by default on client versions of Windows
#

---------------  S U M M A R Y ------------

Command Line: --add-modules=ALL-SYSTEM --add-opens=java.base/java.util=ALL-UNNAMED --add-opens=java.base/java.lang=ALL-UNNAMED --add-opens=java.base/sun.nio.fs=ALL-UNNAMED -Declipse.application=org.eclipse.jdt.ls.core.id1 -Dosgi.bundles.defaultStartLevel=4 -Declipse.product=org.eclipse.jdt.ls.core.product -Djava.import.generatesMetadataFilesAtProjectRoot=false -DDetectVMInstallationsJob.disabled=true -Dfile.encoding=utf8 -XX:+UseParallelGC -XX:GCTimeRatio=4 -XX:AdaptiveSizePolicyWeight=90 -Dsun.zip.disableMemoryMapping=true -Xmx2G -Xms100m -Xlog:disable -javaagent:c:\Users\Nithin\.vscode\extensions\redhat.java-1.48.2025111408\lombok\lombok-1.18.39-4050.jar c:\Users\Nithin\.vscode\extensions\redhat.java-1.48.2025111408\server\plugins\org.eclipse.equinox.launcher_1.7.100.v20251111-0406.jar -configuration c:\Users\Nithin\AppData\Roaming\Code\User\globalStorage\redhat.java\1.48.2025111408\config_ss_win -data c:\Users\Nithin\AppData\Roaming\Code\User\workspaceStorage\a1573f673dcf98b27099e1665c3d0566\redhat.java\ss_ws --pipe=\\.\pipe\lsp-1fffb25ee48b579307ecb7f4900eb105-sock

Host: 12th Gen Intel(R) Core(TM) i5-1235U, 12 cores, 7G,  Windows 11 , 64 bit Build 26100 (10.0.26100.6725)
Time: Mon Nov 17 13:06:19 2025 India Standard Time elapsed time: 20.394693 seconds (0d 0h 0m 20s)

---------------  T H R E A D  ---------------

Current thread (0x0000024b8f6a6710):  JavaThread "C2 CompilerThread1" daemon [_thread_in_native, id=17544, stack(0x000000eaf8000000,0x000000eaf8100000) (1024K)]


Current CompileTask:
C2:  20394 1006   !   4       java.util.jar.Attributes::read (494 bytes)

Stack: [0x000000eaf8000000,0x000000eaf8100000]
Native frames: (J=compiled Java code, j=interpreted, Vv=VM code, C=native code)
V  [jvm.dll+0x6ca6d9]
V  [jvm.dll+0x854f51]
V  [jvm.dll+0x85747e]
V  [jvm.dll+0x857b53]
V  [jvm.dll+0x27dcc6]
V  [jvm.dll+0xc4c2d]
V  [jvm.dll+0xc5163]
V  [jvm.dll+0x3b515c]
V  [jvm.dll+0x381855]
V  [jvm.dll+0x380cca]
V  [jvm.dll+0x246920]
V  [jvm.dll+0x245eff]
V  [jvm.dll+0x1c6d2e]
V  [jvm.dll+0x2554f9]
V  [jvm.dll+0x253a8a]
V  [jvm.dll+0x3ee576]
V  [jvm.dll+0x7ff2fb]
V  [jvm.dll+0x6c8dbd]
C  [ucrtbase.dll+0x37b0]
C  [KERNEL32.DLL+0x2e8d7]
C  [ntdll.dll+0x8c53c]


---------------  P R O C E S S  ---------------

Threads class SMR info:
_java_thread_list=0x0000024b8f697600, length=12, elements={
0x0000024b2fe2a7a0, 0x0000024b8d1f9660, 0x0000024b8d1fc580, 0x0000024b8f331760,
0x0000024b8f3323b0, 0x0000024b8f3355b0, 0x0000024b8f336000, 0x0000024b8f3459a0,
0x0000024b8f36bc10, 0x0000024b8f436d80, 0x0000024b8f69ce10, 0x0000024b8f6a6710
}

Java Threads: ( => current thread )
  0x0000024b2fe2a7a0 JavaThread "main"                              [_thread_blocked, id=25776, stack(0x000000eaf7200000,0x000000eaf7300000) (1024K)]
  0x0000024b8d1f9660 JavaThread "Reference Handler"          daemon [_thread_blocked, id=40492, stack(0x000000eaf7600000,0x000000eaf7700000) (1024K)]
  0x0000024b8d1fc580 JavaThread "Finalizer"                  daemon [_thread_blocked, id=22956, stack(0x000000eaf7700000,0x000000eaf7800000) (1024K)]
  0x0000024b8f331760 JavaThread "Signal Dispatcher"          daemon [_thread_blocked, id=23568, stack(0x000000eaf7800000,0x000000eaf7900000) (1024K)]
  0x0000024b8f3323b0 JavaThread "Attach Listener"            daemon [_thread_blocked, id=19452, stack(0x000000eaf7900000,0x000000eaf7a00000) (1024K)]
  0x0000024b8f3355b0 JavaThread "Service Thread"             daemon [_thread_blocked, id=8128, stack(0x000000eaf7a00000,0x000000eaf7b00000) (1024K)]
  0x0000024b8f336000 JavaThread "Monitor Deflation Thread"   daemon [_thread_blocked, id=31576, stack(0x000000eaf7b00000,0x000000eaf7c00000) (1024K)]
  0x0000024b8f3459a0 JavaThread "C2 CompilerThread0"         daemon [_thread_blocked, id=3712, stack(0x000000eaf7c00000,0x000000eaf7d00000) (1024K)]
  0x0000024b8f36bc10 JavaThread "C1 CompilerThread0"         daemon [_thread_blocked, id=22500, stack(0x000000eaf7d00000,0x000000eaf7e00000) (1024K)]
  0x0000024b8f436d80 JavaThread "Common-Cleaner"             daemon [_thread_blocked, id=4284, stack(0x000000eaf7e00000,0x000000eaf7f00000) (1024K)]
  0x0000024b8f69ce10 JavaThread "Notification Thread"        daemon [_thread_blocked, id=31392, stack(0x000000eaf7f00000,0x000000eaf8000000) (1024K)]
=>0x0000024b8f6a6710 JavaThread "C2 CompilerThread1"         daemon [_thread_in_native, id=17544, stack(0x000000eaf8000000,0x000000eaf8100000) (1024K)]
Total: 12

Other Threads:
  0x0000024b8d1e3ab0 VMThread "VM Thread"                           [id=8104, stack(0x000000eaf7500000,0x000000eaf7600000) (1024K)] _threads_hazard_ptr=0x0000024b8f697600
  0x0000024b8d0dca00 WatcherThread "VM Periodic Task Thread"        [id=13576, stack(0x000000eaf7400000,0x000000eaf7500000) (1024K)]
  0x0000024b2fe49300 WorkerThread "GC Thread#0"                     [id=24384, stack(0x000000eaf7300000,0x000000eaf7400000) (1024K)]
  0x0000024b8fb54be0 WorkerThread "GC Thread#1"                     [id=40672, stack(0x000000eaf8100000,0x000000eaf8200000) (1024K)]
  0x0000024b8f8d9900 WorkerThread "GC Thread#2"                     [id=31788, stack(0x000000eaf8200000,0x000000eaf8300000) (1024K)]
  0x0000024b8fcaea20 WorkerThread "GC Thread#3"                     [id=17780, stack(0x000000eaf8300000,0x000000eaf8400000) (1024K)]
  0x0000024b8fcaedc0 WorkerThread "GC Thread#4"                     [id=34148, stack(0x000000eaf8400000,0x000000eaf8500000) (1024K)]
  0x0000024b8fbc49f0 WorkerThread "GC Thread#5"                     [id=5164, stack(0x000000eaf8500000,0x000000eaf8600000) (1024K)]
  0x0000024b8fbc4fa0 WorkerThread "GC Thread#6"                     [id=36584, stack(0x000000eaf8600000,0x000000eaf8700000) (1024K)]
Total: 9

Threads with active compile tasks:
C2 CompilerThread0    20405 1008       4       java.util.jar.Manifest$FastInputStream::readLine (9 bytes)
C2 CompilerThread1    20405 1006   !   4       java.util.jar.Attributes::read (494 bytes)
Total: 2

VM state: synchronizing (normal execution)

VM Mutex/Monitor currently owned by a thread:  ([mutex/lock_event])
[0x00007ffe655ade98] Threads_lock - owner thread: 0x0000024b8d1e3ab0

Heap address: 0x0000000080000000, size: 2048 MB, Compressed Oops mode: 32-bit

CDS archive(s) mapped at: [0x0000024b4c000000-0x0000024b4cc90000-0x0000024b4cc90000), size 13172736, SharedBaseAddress: 0x0000024b4c000000, ArchiveRelocationMode: 1.
Compressed class space mapped at: 0x0000024b4d000000-0x0000024b8d000000, reserved size: 1073741824
Narrow klass base: 0x0000024b4c000000, Narrow klass shift: 0, Narrow klass range: 0x100000000

GC Precious Log:
 CardTable entry size: 512
 CPUs: 12 total, 12 available
 Memory: 7876M
 Large Page Support: Disabled
 NUMA Support: Disabled
 Compressed Oops: Enabled (32-bit)
 Alignments: Space 512K, Generation 512K, Heap 2M
 Heap Min Capacity: 100M
 Heap Initial Capacity: 100M
 Heap Max Capacity: 2G
 Pre-touch: Disabled
 Parallel Workers: 10

Heap:
 PSYoungGen      total 29696K, used 4306K [0x00000000d5580000, 0x00000000d7680000, 0x0000000100000000)
  eden space 25600K, 3% used [0x00000000d5580000,0x00000000d567ab50,0x00000000d6e80000)
  from space 4096K, 80% used [0x00000000d6e80000,0x00000000d71b9e98,0x00000000d7280000)
  to   space 4096K, 0% used [0x00000000d7280000,0x00000000d7280000,0x00000000d7680000)
 ParOldGen       total 68608K, used 16K [0x0000000080000000, 0x0000000084300000, 0x00000000d5580000)
  object space 68608K, 0% used [0x0000000080000000,0x0000000080004000,0x0000000084300000)
 Metaspace       used 4425K, committed 4736K, reserved 1114112K
  class space    used 446K, committed 640K, reserved 1048576K

Card table byte_map: [0x0000024b474c0000,0x0000024b478d0000] _byte_map_base: 0x0000024b470c0000

Marking Bits: (ParMarkBitMap*) 0x00007ffe655b2df0
 Begin Bits: [0x0000024b47b80000, 0x0000024b49b80000)
 End Bits:   [0x0000024b49b80000, 0x0000024b4bb80000)

Polling page: 0x0000024b2e580000

Metaspace:

Usage:
  Non-class:      3.88 MB used.
      Class:    446.81 KB used.
       Both:      4.32 MB used.

Virtual space:
  Non-class space:       64.00 MB reserved,       4.00 MB (  6%) committed,  1 nodes.
      Class space:        1.00 GB reserved,     640.00 KB ( <1%) committed,  1 nodes.
             Both:        1.06 GB reserved,       4.62 MB ( <1%) committed. 

Chunk freelists:
   Non-Class:  11.12 MB
       Class:  15.23 MB
        Both:  26.36 MB

MaxMetaspaceSize: unlimited
CompressedClassSpaceSize: 1.00 GB
Initial GC threshold: 21.00 MB
Current GC threshold: 21.00 MB
CDS: on
 - commit_granule_bytes: 65536.
 - commit_granule_words: 8192.
 - virtual_space_node_default_size: 8388608.
 - enlarge_chunks_in_place: 1.
 - use_allocation_guard: 0.


Internal statistics:

num_allocs_failed_limit: 0.
num_arena_births: 184.
num_arena_deaths: 0.
num_vsnodes_births: 2.
num_vsnodes_deaths: 0.
num_space_committed: 74.
num_space_uncommitted: 0.
num_chunks_returned_to_freelist: 0.
num_chunks_taken_from_freelist: 254.
num_chunk_merges: 0.
num_chunk_splits: 160.
num_chunks_enlarged: 92.
num_inconsistent_stats: 0.

CodeHeap 'non-profiled nmethods': size=120000Kb used=410Kb max_used=410Kb free=119589Kb
 bounds [0x0000024b3fdb0000, 0x0000024b40020000, 0x0000024b472e0000]
CodeHeap 'profiled nmethods': size=120000Kb used=1658Kb max_used=1658Kb free=118341Kb
 bounds [0x0000024b382e0000, 0x0000024b38550000, 0x0000024b3f810000]
CodeHeap 'non-nmethods': size=5760Kb used=1192Kb max_used=1223Kb free=4567Kb
 bounds [0x0000024b3f810000, 0x0000024b3fa80000, 0x0000024b3fdb0000]
 total_blobs=1502 nmethods=1049 adapters=360
 compilation: enabled
              stopped_count=0, restarted_count=0
 full_count=0

Compilation events (20 events):
Event: 12.310 Thread 0x0000024b8f36bc10 1047       3       jdk.internal.loader.BuiltinClassLoader::loadClass (22 bytes)
Event: 12.311 Thread 0x0000024b8f36bc10 nmethod 1047 0x0000024b3847dc90 code [0x0000024b3847de60, 0x0000024b3847e118]
Event: 12.312 Thread 0x0000024b8f36bc10 1046       1       java.lang.Boolean::booleanValue (5 bytes)
Event: 12.312 Thread 0x0000024b8f36bc10 nmethod 1046 0x0000024b3fe13910 code [0x0000024b3fe13aa0, 0x0000024b3fe13b70]
Event: 13.333 Thread 0x0000024b8f36bc10 1048       1       java.util.concurrent.locks.AbstractOwnableSynchronizer::getExclusiveOwnerThread (5 bytes)
Event: 13.334 Thread 0x0000024b8f36bc10 nmethod 1048 0x0000024b3fe13c10 code [0x0000024b3fe13da0, 0x0000024b3fe13e68]
Event: 13.334 Thread 0x0000024b8f36bc10 1049       1       java.util.concurrent.locks.AbstractQueuedSynchronizer::getState (5 bytes)
Event: 13.334 Thread 0x0000024b8f36bc10 nmethod 1049 0x0000024b3fe14310 code [0x0000024b3fe144a0, 0x0000024b3fe14568]
Event: 13.334 Thread 0x0000024b8f3459a0 nmethod 1042 0x0000024b3fe14a10 code [0x0000024b3fe14c80, 0x0000024b3fe15848]
Event: 13.334 Thread 0x0000024b8f36bc10 1050       1       java.util.concurrent.locks.AbstractQueuedSynchronizer::setState (6 bytes)
Event: 13.335 Thread 0x0000024b8f36bc10 nmethod 1050 0x0000024b3fe16110 code [0x0000024b3fe162a0, 0x0000024b3fe16370]
Event: 13.336 Thread 0x0000024b8f36bc10 1052       3       java.util.concurrent.locks.AbstractQueuedSynchronizer::compareAndSetState (13 bytes)
Event: 13.337 Thread 0x0000024b8f3459a0 1008       4       java.util.jar.Manifest$FastInputStream::readLine (9 bytes)
Event: 13.337 Thread 0x0000024b8f36bc10 nmethod 1052 0x0000024b3847e210 code [0x0000024b3847e3a0, 0x0000024b3847e4c8]
Event: 13.339 Thread 0x0000024b8f36bc10 1054       1       java.util.Collections$EmptyIterator::hasNext (2 bytes)
Event: 13.339 Thread 0x0000024b8f36bc10 nmethod 1054 0x0000024b3fe16410 code [0x0000024b3fe165a0, 0x0000024b3fe16668]
Event: 13.344 Thread 0x0000024b8f36bc10 1055       1       java.util.zip.ZipEntry::getSize (5 bytes)
Event: 13.345 Thread 0x0000024b8f36bc10 nmethod 1055 0x0000024b3fe16710 code [0x0000024b3fe168a0, 0x0000024b3fe16968]
Event: 13.348 Thread 0x0000024b8f36bc10 1056       3       java.lang.StringLatin1::inflate (34 bytes)
Event: 13.348 Thread 0x0000024b8f36bc10 nmethod 1056 0x0000024b3847e590 code [0x0000024b3847e740, 0x0000024b3847e948]

GC Heap History (2 events):
Event: 13.324 GC heap before
{Heap before GC invocations=1 (full 0):
 PSYoungGen      total 29696K, used 25600K [0x00000000d5580000, 0x00000000d7680000, 0x0000000100000000)
  eden space 25600K, 100% used [0x00000000d5580000,0x00000000d6e80000,0x00000000d6e80000)
  from space 4096K, 0% used [0x00000000d7280000,0x00000000d7280000,0x00000000d7680000)
  to   space 4096K, 0% used [0x00000000d6e80000,0x00000000d6e80000,0x00000000d7280000)
 ParOldGen       total 68608K, used 0K [0x0000000080000000, 0x0000000084300000, 0x00000000d5580000)
  object space 68608K, 0% used [0x0000000080000000,0x0000000080000000,0x0000000084300000)
 Metaspace       used 4395K, committed 4736K, reserved 1114112K
  class space    used 445K, committed 640K, reserved 1048576K
}
Event: 13.333 GC heap after
{Heap after GC invocations=1 (full 0):
 PSYoungGen      total 29696K, used 3303K [0x00000000d5580000, 0x00000000d7680000, 0x0000000100000000)
  eden space 25600K, 0% used [0x00000000d5580000,0x00000000d5580000,0x00000000d6e80000)
  from space 4096K, 80% used [0x00000000d6e80000,0x00000000d71b9e98,0x00000000d7280000)
  to   space 4096K, 0% used [0x00000000d7280000,0x00000000d7280000,0x00000000d7680000)
 ParOldGen       total 68608K, used 16K [0x0000000080000000, 0x0000000084300000, 0x00000000d5580000)
  object space 68608K, 0% used [0x0000000080000000,0x0000000080004000,0x0000000084300000)
 Metaspace       used 4395K, committed 4736K, reserved 1114112K
  class space    used 445K, committed 640K, reserved 1048576K
}

Dll operation events (9 events):
Event: 0.028 Loaded shared library C:\Program Files\Java\jdk-21\bin\java.dll
Event: 0.085 Loaded shared library C:\Program Files\Java\jdk-21\bin\jsvml.dll
Event: 0.155 Loaded shared library C:\Program Files\Java\jdk-21\bin\zip.dll
Event: 0.167 Loaded shared library C:\Program Files\Java\jdk-21\bin\instrument.dll
Event: 0.175 Loaded shared library C:\Program Files\Java\jdk-21\bin\net.dll
Event: 0.183 Loaded shared library C:\Program Files\Java\jdk-21\bin\nio.dll
Event: 0.192 Loaded shared library C:\Program Files\Java\jdk-21\bin\zip.dll
Event: 0.232 Loaded shared library C:\Program Files\Java\jdk-21\bin\jimage.dll
Event: 0.392 Loaded shared library C:\Program Files\Java\jdk-21\bin\verify.dll

Deoptimization events (20 events):
Event: 12.289 Thread 0x0000024b2fe2a7a0 Uncommon trap: reason=unstable_if action=reinterpret pc=0x0000024b3fe0c33c method=java.lang.invoke.VarForm.getMemberName(I)Ljava/lang/invoke/MemberName; @ 8 c2
Event: 12.289 Thread 0x0000024b2fe2a7a0 DEOPT PACKING pc=0x0000024b3fe0c33c sp=0x000000eaf72fdc70
Event: 12.289 Thread 0x0000024b2fe2a7a0 DEOPT UNPACKING pc=0x0000024b3f863aa2 sp=0x000000eaf72fdc08 mode 2
Event: 12.301 Thread 0x0000024b2fe2a7a0 Uncommon trap: trap_request=0xffffffde fr.pc=0x0000024b3fe06648 relative=0x00000000000009c8
Event: 12.301 Thread 0x0000024b2fe2a7a0 Uncommon trap: reason=class_check action=maybe_recompile pc=0x0000024b3fe06648 method=java.util.HashMap.putVal(ILjava/lang/Object;Ljava/lang/Object;ZZ)Ljava/lang/Object; @ 203 c2
Event: 12.301 Thread 0x0000024b2fe2a7a0 DEOPT PACKING pc=0x0000024b3fe06648 sp=0x000000eaf72fe4a0
Event: 12.301 Thread 0x0000024b2fe2a7a0 DEOPT UNPACKING pc=0x0000024b3f863aa2 sp=0x000000eaf72fe3c8 mode 2
Event: 12.301 Thread 0x0000024b2fe2a7a0 Uncommon trap: trap_request=0xffffffde fr.pc=0x0000024b3fe06648 relative=0x00000000000009c8
Event: 12.301 Thread 0x0000024b2fe2a7a0 Uncommon trap: reason=class_check action=maybe_recompile pc=0x0000024b3fe06648 method=java.util.HashMap.putVal(ILjava/lang/Object;Ljava/lang/Object;ZZ)Ljava/lang/Object; @ 203 c2
Event: 12.301 Thread 0x0000024b2fe2a7a0 DEOPT PACKING pc=0x0000024b3fe06648 sp=0x000000eaf72fe4a0
Event: 12.301 Thread 0x0000024b2fe2a7a0 DEOPT UNPACKING pc=0x0000024b3f863aa2 sp=0x000000eaf72fe3c8 mode 2
Event: 12.301 Thread 0x0000024b2fe2a7a0 Uncommon trap: trap_request=0xffffffde fr.pc=0x0000024b3fe06648 relative=0x00000000000009c8
Event: 12.301 Thread 0x0000024b2fe2a7a0 Uncommon trap: reason=class_check action=maybe_recompile pc=0x0000024b3fe06648 method=java.util.HashMap.putVal(ILjava/lang/Object;Ljava/lang/Object;ZZ)Ljava/lang/Object; @ 203 c2
Event: 12.301 Thread 0x0000024b2fe2a7a0 DEOPT PACKING pc=0x0000024b3fe06648 sp=0x000000eaf72fe4a0
Event: 12.301 Thread 0x0000024b2fe2a7a0 DEOPT UNPACKING pc=0x0000024b3f863aa2 sp=0x000000eaf72fe3c8 mode 2
Event: 12.301 Thread 0x0000024b2fe2a7a0 Uncommon trap: trap_request=0xffffffde fr.pc=0x0000024b3fe06648 relative=0x00000000000009c8
Event: 12.301 Thread 0x0000024b2fe2a7a0 Uncommon trap: reason=class_check action=maybe_recompile pc=0x0000024b3fe06648 method=java.util.HashMap.putVal(ILjava/lang/Object;Ljava/lang/Object;ZZ)Ljava/lang/Object; @ 203 c2
Event: 12.301 Thread 0x0000024b2fe2a7a0 DEOPT PACKING pc=0x0000024b3fe06648 sp=0x000000eaf72fe4a0
Event: 12.301 Thread 0x0000024b2fe2a7a0 DEOPT UNPACKING pc=0x0000024b3f863aa2 sp=0x000000eaf72fe3c8 mode 2
Event: 13.354 Thread 0x0000024b2fe2a7a0 Uncommon trap: trap_request=0xffffffc6 fr.pc=0x0000024b3fdeb1d0 relative=0x0000000000000290

Classes loaded (20 events):
Event: 12.289 Loading class sun/util/logging/PlatformLogger
Event: 12.290 Loading class sun/util/logging/PlatformLogger done
Event: 12.290 Loading class sun/util/logging/PlatformLogger$Level
Event: 12.290 Loading class sun/util/logging/PlatformLogger$Level done
Event: 12.295 Loading class java/io/BufferedReader
Event: 12.295 Loading class java/io/BufferedReader done
Event: 12.296 Loading class sun/nio/cs/StreamDecoder
Event: 12.297 Loading class sun/nio/cs/StreamDecoder done
Event: 12.297 Loading class sun/nio/cs/UTF_8$Decoder
Event: 12.297 Loading class sun/nio/cs/UTF_8$Decoder done
Event: 12.313 Loading class java/util/UUID
Event: 12.313 Loading class java/util/UUID done
Event: 12.313 Loading class java/util/concurrent/atomic/AtomicBoolean
Event: 12.313 Loading class java/util/concurrent/atomic/AtomicBoolean done
Event: 12.313 Loading class java/lang/invoke/VarHandleInts$FieldInstanceReadWrite
Event: 12.313 Loading class java/lang/invoke/VarHandleInts$FieldInstanceReadOnly
Event: 12.313 Loading class java/lang/invoke/VarHandleInts$FieldInstanceReadOnly done
Event: 12.313 Loading class java/lang/invoke/VarHandleInts$FieldInstanceReadWrite done
Event: 13.347 Loading class java/nio/file/FileVisitor
Event: 13.347 Loading class java/nio/file/FileVisitor done

Classes unloaded (0 events):
No events

Classes redefined (0 events):
No events

Internal exceptions (20 events):
Event: 0.318 Thread 0x0000024b2fe2a7a0 Exception <a 'java/lang/NoSuchMethodError'{0x00000000d5a15338}: 'void java.lang.invoke.DelegatingMethodHandle$Holder.delegate(java.lang.Object, java.lang.Object, int, java.lang.Object)'> (0x00000000d5a15338) 
thrown [s\open\src\hotspot\share\interpreter\linkResolver.cpp, line 773]
Event: 0.433 Thread 0x0000024b2fe2a7a0 Exception <a 'java/lang/NoSuchMethodError'{0x00000000d5bd37e8}: 'void java.lang.invoke.DelegatingMethodHandle$Holder.reinvoke_L(java.lang.Object, java.lang.Object, java.lang.Object, int)'> (0x00000000d5bd37e8) 
thrown [s\open\src\hotspot\share\interpreter\linkResolver.cpp, line 773]
Event: 1.689 Thread 0x0000024b2fe2a7a0 Exception <a 'java/lang/NoSuchMethodError'{0x00000000d6081848}: 'void java.lang.invoke.DirectMethodHandle$Holder.invokeVirtual(java.lang.Object, java.lang.Object)'> (0x00000000d6081848) 
thrown [s\open\src\hotspot\share\interpreter\linkResolver.cpp, line 773]
Event: 10.994 Thread 0x0000024b2fe2a7a0 Exception <a 'java/lang/NoSuchMethodError'{0x00000000d6438370}: 'void java.lang.invoke.DirectMethodHandle$Holder.invokeStatic(java.lang.Object, java.lang.Object)'> (0x00000000d6438370) 
thrown [s\open\src\hotspot\share\interpreter\linkResolver.cpp, line 773]
Event: 11.005 Thread 0x0000024b2fe2a7a0 Exception <a 'java/lang/ClassNotFoundException'{0x00000000d6462778}: sun/net/www/protocol/c/Handler> (0x00000000d6462778) 
thrown [s\open\src\hotspot\share\classfile\systemDictionary.cpp, line 312]
Event: 11.057 Thread 0x0000024b2fe2a7a0 Exception <a 'java/io/FileNotFoundException'{0x00000000d64bb070}> (0x00000000d64bb070) 
thrown [s\open\src\hotspot\share\prims\jni.cpp, line 520]
Event: 11.059 Thread 0x0000024b2fe2a7a0 Exception <a 'java/io/FileNotFoundException'{0x00000000d64bc348}> (0x00000000d64bc348) 
thrown [s\open\src\hotspot\share\prims\jni.cpp, line 520]
Event: 11.059 Thread 0x0000024b2fe2a7a0 Exception <a 'java/io/FileNotFoundException'{0x00000000d64bcfc0}> (0x00000000d64bcfc0) 
thrown [s\open\src\hotspot\share\prims\jni.cpp, line 520]
Event: 11.061 Thread 0x0000024b2fe2a7a0 Exception <a 'java/io/FileNotFoundException'{0x00000000d64bdb00}> (0x00000000d64bdb00) 
thrown [s\open\src\hotspot\share\prims\jni.cpp, line 520]
Event: 11.072 Thread 0x0000024b2fe2a7a0 Implicit null exception at 0x0000024b3fddef24 to 0x0000024b3fddf4c8
Event: 11.079 Thread 0x0000024b2fe2a7a0 Exception <a 'java/io/FileNotFoundException'{0x00000000d64f3090}> (0x00000000d64f3090) 
thrown [s\open\src\hotspot\share\prims\jni.cpp, line 520]
Event: 11.100 Thread 0x0000024b2fe2a7a0 Exception <a 'java/lang/NoSuchMethodError'{0x00000000d652f970}: 'java.lang.Object java.lang.invoke.DirectMethodHandle$Holder.invokeInterface(java.lang.Object, java.lang.Object)'> (0x00000000d652f970) 
thrown [s\open\src\hotspot\share\interpreter\linkResolver.cpp, line 773]
Event: 11.107 Thread 0x0000024b2fe2a7a0 Exception <a 'java/lang/NoSuchMethodError'{0x00000000d6542bc8}: 'java.lang.Object java.lang.invoke.Invokers$Holder.invokeExact_MT(java.lang.Object, java.lang.Object, java.lang.Object, java.lang.Object, java.lang.Object, java.lang.Object)'> (0x00000000d6542bc8) 
thrown [s\open\src\hotspot\share\interpreter\linkResolver.cpp, line 773]
Event: 11.114 Thread 0x0000024b2fe2a7a0 Exception <a 'java/lang/NoSuchMethodError'{0x00000000d65597d0}: 'int java.lang.invoke.DirectMethodHandle$Holder.invokeStatic(java.lang.Object, java.lang.Object, java.lang.Object, java.lang.Object, java.lang.Object)'> (0x00000000d65597d0) 
thrown [s\open\src\hotspot\share\interpreter\linkResolver.cpp, line 773]
Event: 11.134 Thread 0x0000024b2fe2a7a0 Exception <a 'java/lang/NoSuchMethodError'{0x00000000d65eff20}: 'java.lang.Object java.lang.invoke.DirectMethodHandle$Holder.invokeInterface(java.lang.Object, java.lang.Object, int)'> (0x00000000d65eff20) 
thrown [s\open\src\hotspot\share\interpreter\linkResolver.cpp, line 773]
Event: 12.262 Thread 0x0000024b2fe2a7a0 Exception <a 'java/lang/NoSuchMethodError'{0x00000000d6a5e218}: 'java.lang.ClassLoader java.lang.ClassLoader.getPlatformClassLoader(java.lang.Class)'> (0x00000000d6a5e218) 
thrown [s\open\src\hotspot\share\interpreter\linkResolver.cpp, line 773]
Event: 13.338 Thread 0x0000024b2fe2a7a0 Exception <a 'java/lang/ClassNotFoundException'{0x00000000d5582ca0}: sun/net/www/protocol/c/Handler> (0x00000000d5582ca0) 
thrown [s\open\src\hotspot\share\classfile\systemDictionary.cpp, line 312]
Event: 13.339 Thread 0x0000024b2fe2a7a0 Exception <a 'java/lang/ClassNotFoundException'{0x00000000d55840d0}: sun/net/www/protocol/c/Handler> (0x00000000d55840d0) 
thrown [s\open\src\hotspot\share\classfile\systemDictionary.cpp, line 312]
Event: 13.339 Thread 0x0000024b2fe2a7a0 Exception <a 'java/lang/ClassNotFoundException'{0x00000000d55853a8}: sun/net/www/protocol/c/Handler> (0x00000000d55853a8) 
thrown [s\open\src\hotspot\share\classfile\systemDictionary.cpp, line 312]
Event: 13.354 Thread 0x0000024b2fe2a7a0 Exception <a 'java/io/FileNotFoundException'{0x00000000d55aa040}> (0x00000000d55aa040) 
thrown [s\open\src\hotspot\share\prims\jni.cpp, line 520]

ZGC Phase Switch (0 events):
No events

VM Operations (20 events):
Event: 3.847 Executing VM operation: Cleanup done
Event: 7.872 Executing VM operation: Cleanup
Event: 7.919 Executing VM operation: Cleanup done
Event: 8.920 Executing VM operation: Cleanup
Event: 9.952 Executing VM operation: Cleanup done
Event: 9.954 Executing VM operation: HandshakeAllThreads (Deoptimize)
Event: 9.954 Executing VM operation: HandshakeAllThreads (Deoptimize) done
Event: 10.968 Executing VM operation: Cleanup
Event: 10.969 Executing VM operation: Cleanup done
Event: 10.984 Executing VM operation: HandshakeAllThreads (Deoptimize)
Event: 10.984 Executing VM operation: HandshakeAllThreads (Deoptimize) done
Event: 11.990 Executing VM operation: Cleanup
Event: 12.209 Executing VM operation: Cleanup done
Event: 12.298 Executing VM operation: HandshakeAllThreads (Deoptimize)
Event: 12.298 Executing VM operation: HandshakeAllThreads (Deoptimize) done
Event: 13.302 Executing VM operation: Cleanup
Event: 13.302 Executing VM operation: Cleanup done
Event: 13.323 Executing VM operation: ParallelGCFailedAllocation (Allocation Failure)
Event: 13.333 Executing VM operation: ParallelGCFailedAllocation (Allocation Failure) done
Event: 14.334 Executing VM operation: Cleanup

Events (14 events):
Event: 0.060 Thread 0x0000024b2fe2a7a0 Thread added: 0x0000024b2fe2a7a0
Event: 0.083 Thread 0x0000024b8d1f9660 Thread added: 0x0000024b8d1f9660
Event: 0.083 Thread 0x0000024b8d1fc580 Thread added: 0x0000024b8d1fc580
Event: 0.083 Thread 0x0000024b8f331760 Thread added: 0x0000024b8f331760
Event: 0.083 Thread 0x0000024b8f3323b0 Thread added: 0x0000024b8f3323b0
Event: 0.083 Thread 0x0000024b8f3355b0 Thread added: 0x0000024b8f3355b0
Event: 0.083 Thread 0x0000024b8f336000 Thread added: 0x0000024b8f336000
Event: 0.083 Thread 0x0000024b8f3459a0 Thread added: 0x0000024b8f3459a0
Event: 0.083 Thread 0x0000024b8f36bc10 Thread added: 0x0000024b8f36bc10
Event: 0.110 Thread 0x0000024b8f436d80 Thread added: 0x0000024b8f436d80
Event: 0.564 Thread 0x0000024b8f69ce10 Thread added: 0x0000024b8f69ce10
Event: 0.576 Thread 0x0000024b8f69dc80 Thread added: 0x0000024b8f69dc80
Event: 1.625 Thread 0x0000024b8f69dc80 Thread exited: 0x0000024b8f69dc80
Event: 1.730 Thread 0x0000024b8f6a6710 Thread added: 0x0000024b8f6a6710


Dynamic libraries:
0x00007ff7791d0000 - 0x00007ff7791e0000 	C:\Program Files\Java\jdk-21\bin\java.exe
0x00007ffed7c00000 - 0x00007ffed7e68000 	C:\WINDOWS\SYSTEM32\ntdll.dll
0x00007ffed6f30000 - 0x00007ffed6ff9000 	C:\WINDOWS\System32\KERNEL32.DLL
0x00007ffed5150000 - 0x00007ffed5542000 	C:\WINDOWS\System32\KERNELBASE.dll
0x00007ffecb340000 - 0x00007ffecb359000 	C:\Program Files\Java\jdk-21\bin\jli.dll
0x00007ffed5000000 - 0x00007ffed514b000 	C:\WINDOWS\System32\ucrtbase.dll
0x00007ffed5f70000 - 0x00007ffed6024000 	C:\WINDOWS\System32\ADVAPI32.dll
0x00007ffed6c50000 - 0x00007ffed6cf9000 	C:\WINDOWS\System32\msvcrt.dll
0x00007ffed5b60000 - 0x00007ffed5c06000 	C:\WINDOWS\System32\sechost.dll
0x00007ffed6d80000 - 0x00007ffed6e98000 	C:\WINDOWS\System32\RPCRT4.dll
0x00007ffecb320000 - 0x00007ffecb33b000 	C:\Program Files\Java\jdk-21\bin\VCRUNTIME140.dll
0x00007ffed7200000 - 0x00007ffed73c5000 	C:\WINDOWS\System32\USER32.dll
0x00007ffeb86b0000 - 0x00007ffeb8943000 	C:\WINDOWS\WinSxS\amd64_microsoft.windows.common-controls_6595b64144ccf1df_6.0.26100.6899_none_3e0efeeae32e88c1\COMCTL32.dll
0x00007ffed4d90000 - 0x00007ffed4db7000 	C:\WINDOWS\System32\win32u.dll
0x00007ffed6ef0000 - 0x00007ffed6f1b000 	C:\WINDOWS\System32\GDI32.dll
0x00007ffed5810000 - 0x00007ffed593d000 	C:\WINDOWS\System32\gdi32full.dll
0x00007ffed5550000 - 0x00007ffed55f3000 	C:\WINDOWS\System32\msvcp_win.dll
0x00007ffec4ea0000 - 0x00007ffec4eab000 	C:\WINDOWS\SYSTEM32\VERSION.dll
0x00007ffed5b20000 - 0x00007ffed5b4f000 	C:\WINDOWS\System32\IMM32.DLL
0x00007ffecb470000 - 0x00007ffecb47c000 	C:\Program Files\Java\jdk-21\bin\vcruntime140_1.dll
0x00007ffe8ebd0000 - 0x00007ffe8ec5e000 	C:\Program Files\Java\jdk-21\bin\msvcp140.dll
0x00007ffe64970000 - 0x00007ffe6568a000 	C:\Program Files\Java\jdk-21\bin\server\jvm.dll
0x00007ffed6660000 - 0x00007ffed66d4000 	C:\WINDOWS\System32\WS2_32.dll
0x00007ffed17b0000 - 0x00007ffed17e5000 	C:\WINDOWS\SYSTEM32\WINMM.dll
0x00007ffed4bf0000 - 0x00007ffed4c4e000 	C:\WINDOWS\SYSTEM32\POWRPROF.dll
0x00007ffed4bd0000 - 0x00007ffed4be4000 	C:\WINDOWS\SYSTEM32\UMPDC.dll
0x00007ffed3b40000 - 0x00007ffed3b5b000 	C:\WINDOWS\SYSTEM32\kernel.appcore.dll
0x00007ffecb310000 - 0x00007ffecb31a000 	C:\Program Files\Java\jdk-21\bin\jimage.dll
0x00007ffed2590000 - 0x00007ffed27d2000 	C:\WINDOWS\SYSTEM32\DBGHELP.DLL
0x00007ffed66e0000 - 0x00007ffed6a5b000 	C:\WINDOWS\System32\combase.dll
0x00007ffed6a60000 - 0x00007ffed6b37000 	C:\WINDOWS\System32\OLEAUT32.dll
0x00007ffe9eae0000 - 0x00007ffe9eb1c000 	C:\WINDOWS\SYSTEM32\dbgcore.DLL
0x00007ffed5600000 - 0x00007ffed5698000 	C:\WINDOWS\System32\bcryptPrimitives.dll
0x00007ffecb300000 - 0x00007ffecb30f000 	C:\Program Files\Java\jdk-21\bin\instrument.dll
0x00007ffecb110000 - 0x00007ffecb12f000 	C:\Program Files\Java\jdk-21\bin\java.dll
0x00007ffed73e0000 - 0x00007ffed7b2d000 	C:\WINDOWS\System32\SHELL32.dll
0x00007ffed56a0000 - 0x00007ffed580b000 	C:\WINDOWS\System32\wintypes.dll
0x00007ffed29a0000 - 0x00007ffed31fd000 	C:\WINDOWS\SYSTEM32\windows.storage.dll
0x00007ffed5c10000 - 0x00007ffed5d02000 	C:\WINDOWS\System32\SHCORE.dll
0x00007ffed59d0000 - 0x00007ffed5a32000 	C:\WINDOWS\System32\shlwapi.dll
0x00007ffed4cb0000 - 0x00007ffed4cd9000 	C:\WINDOWS\SYSTEM32\profapi.dll
0x00007ffe70620000 - 0x00007ffe706f7000 	C:\Program Files\Java\jdk-21\bin\jsvml.dll
0x00007ffecb030000 - 0x00007ffecb048000 	C:\Program Files\Java\jdk-21\bin\zip.dll
0x00007ffecb2f0000 - 0x00007ffecb300000 	C:\Program Files\Java\jdk-21\bin\net.dll
0x00007ffeca130000 - 0x00007ffeca24f000 	C:\WINDOWS\SYSTEM32\WINHTTP.dll
0x00007ffed40d0000 - 0x00007ffed413b000 	C:\WINDOWS\system32\mswsock.dll
0x00007ffeca840000 - 0x00007ffeca856000 	C:\Program Files\Java\jdk-21\bin\nio.dll
0x00007ffecaf00000 - 0x00007ffecaf10000 	C:\Program Files\Java\jdk-21\bin\verify.dll

dbghelp: loaded successfully - version: 4.0.5 - missing functions: none
symbol engine: initialized successfully - sym options: 0x614 - pdb path: .;C:\Program Files\Java\jdk-21\bin;C:\WINDOWS\SYSTEM32;C:\WINDOWS\WinSxS\amd64_microsoft.windows.common-controls_6595b64144ccf1df_6.0.26100.6899_none_3e0efeeae32e88c1;C:\Program Files\Java\jdk-21\bin\server

VM Arguments:
jvm_args: --add-modules=ALL-SYSTEM --add-opens=java.base/java.util=ALL-UNNAMED --add-opens=java.base/java.lang=ALL-UNNAMED --add-opens=java.base/sun.nio.fs=ALL-UNNAMED -Declipse.application=org.eclipse.jdt.ls.core.id1 -Dosgi.bundles.defaultStartLevel=4 -Declipse.product=org.eclipse.jdt.ls.core.product -Djava.import.generatesMetadataFilesAtProjectRoot=false -DDetectVMInstallationsJob.disabled=true -Dfile.encoding=utf8 -XX:+UseParallelGC -XX:GCTimeRatio=4 -XX:AdaptiveSizePolicyWeight=90 -Dsun.zip.disableMemoryMapping=true -Xmx2G -Xms100m -Xlog:disable -javaagent:c:\Users\Nithin\.vscode\extensions\redhat.java-1.48.2025111408\lombok\lombok-1.18.39-4050.jar 
java_command: c:\Users\Nithin\.vscode\extensions\redhat.java-1.48.2025111408\server\plugins\org.eclipse.equinox.launcher_1.7.100.v20251111-0406.jar -configuration c:\Users\Nithin\AppData\Roaming\Code\User\globalStorage\redhat.java\1.48.2025111408\config_ss_win -data c:\Users\Nithin\AppData\Roaming\Code\User\workspaceStorage\a1573f673dcf98b27099e1665c3d0566\redhat.java\ss_ws --pipe=\\.\pipe\lsp-1fffb25ee48b579307ecb7f4900eb105-sock
java_class_path (initial): c:\Users\Nithin\.vscode\extensions\redhat.java-1.48.2025111408\server\plugins\org.eclipse.equinox.launcher_1.7.100.v20251111-0406.jar
Launcher Type: SUN_STANDARD

[Global flags]
    uintx AdaptiveSizePolicyWeight                 = 90                                        {product} {command line}
     intx CICompilerCount                          = 4                                         {product} {ergonomic}
    uintx GCTimeRatio                              = 4                                         {product} {command line}
   size_t InitialHeapSize                          = 104857600                                 {product} {command line}
   size_t MaxHeapSize                              = 2147483648                                {product} {command line}
   size_t MaxNewSize                               = 715653120                                 {product} {ergonomic}
   size_t MinHeapDeltaBytes                        = 524288                                    {product} {ergonomic}
   size_t MinHeapSize                              = 104857600                                 {product} {command line}
   size_t NewSize                                  = 34603008                                  {product} {ergonomic}
    uintx NonNMethodCodeHeapSize                   = 5839372                                {pd product} {ergonomic}
    uintx NonProfiledCodeHeapSize                  = 122909434                              {pd product} {ergonomic}
   size_t OldSize                                  = 70254592                                  {product} {ergonomic}
    uintx ProfiledCodeHeapSize                     = 122909434                              {pd product} {ergonomic}
    uintx ReservedCodeCacheSize                    = 251658240                              {pd product} {ergonomic}
     bool SegmentedCodeCache                       = true                                      {product} {ergonomic}
   size_t SoftMaxHeapSize                          = 2147483648                             {manageable} {ergonomic}
     bool UseCompressedOops                        = true                           {product lp64_product} {ergonomic}
     bool UseLargePagesIndividualAllocation        = false                                  {pd product} {ergonomic}
     bool UseParallelGC                            = true                                      {product} {command line}

Logging:
Log output configuration:
 #0: stdout all=off uptime,level,tags foldmultilines=false
 #1: stderr all=off uptime,level,tags foldmultilines=false

Environment Variables:
PATH=C:\Python314\Scripts\;C:\Python314\;C:\Python313\Scripts\;C:\Python313\;C:\Program Files\Common Files\Oracle\Java\javapath;C:\Program Files\Python311\Scripts\;C:\Program Files\Python311\;C:\Windows\system32;C:\Windows;C:\Windows\System32\Wbem;C:\Windows\System32\WindowsPowerShell\v1.0\;C:\Windows\System32\OpenSSH\;C:\Program Files\dotnet\;C:\Program Files (x86)\NVIDIA Corporation\PhysX\Common;C:\Program Files\NVIDIA Corporation\NVIDIA NvDLISR;C:\Program Files\nodejs\node_modules\npm\bin;C:\Program Files\MySQL\MySQL Server 8.0\bin;C:\Program Files\Git\cmd;C:\WINDOWS\system32;C:\WINDOWS;C:\WINDOWS\System32\Wbem;C:\WINDOWS\System32\WindowsPowerShell\v1.0\;C:\WINDOWS\System32\OpenSSH\;C:\Program Files\Java\jdk-19\bin;C:\MinGW\bin;C:\xampp\php;D:\node.js\;C:\ProgramData\chocolatey\bin;C:\Program Files\MySQL;C:\Users\Nithin\AppData\Local\Programs\Microsoft VS Code\bin;C:\PHP 7,3;C:\Users\Nithin\AppData\Roaming\Composer\vendor\bin;C:\Users\Nithin\AppData\Roaming\npm
USERNAME=Nithin
OS=Windows_NT
PROCESSOR_IDENTIFIER=Intel64 Family 6 Model 154 Stepping 4, GenuineIntel
TMP=C:\Users\Nithin\AppData\Local\Temp
TEMP=C:\Users\Nithin\AppData\Local\Temp




Periodic native trim disabled

---------------  S Y S T E M  ---------------

OS:
 Windows 11 , 64 bit Build 26100 (10.0.26100.6725)
OS uptime: 23 days 20:21 hours
Hyper-V role detected

CPU: total 12 (initial active 12) (6 cores per cpu, 2 threads per core) family 6 model 154 stepping 4 microcode 0x437, cx8, cmov, fxsr, ht, mmx, 3dnowpref, sse, sse2, sse3, ssse3, sse4.1, sse4.2, popcnt, lzcnt, tsc, tscinvbit, avx, avx2, aes, erms, clmul, bmi1, bmi2, adx, sha, fma, vzeroupper, clflush, clflushopt, clwb, hv, serialize, rdtscp, rdpid, fsrm, f16c, cet_ibt, cet_ss
Processor Information for all 12 processors :
  Max Mhz: 1300, Current Mhz: 1300, Mhz Limit: 1300

Memory: 4k page, system-wide physical 7876M (613M free)
TotalPageFile size 32452M (AvailPageFile size 161M)
current process WorkingSet (physical memory assigned to process): 78M, peak: 79M
current process commit charge ("private bytes"): 242M, peak: 244M

vm_info: Java HotSpot(TM) 64-Bit Server VM (21.0.6+8-LTS-188) for windows-amd64 JRE (21.0.6+8-LTS-188), built on 2024-12-03T10:50:54Z by "mach5one" with MS VC++ 17.6 (VS2022)

END.
